[0.104s] DEBUG:colcon:Command line arguments: ['/usr/bin/colcon', 'build']
[0.104s] DEBUG:colcon:Parsed command line arguments: Namespace(log_base=None, log_level=None, verb_name='build', build_base='build', install_base='install', merge_install=False, symlink_install=False, test_result_base=None, continue_on_error=False, executor='parallel', parallel_workers=4, event_handlers=None, ignore_user_meta=False, metas=['./colcon.meta'], base_paths=['.'], packages_ignore=None, packages_ignore_regex=None, paths=None, packages_up_to=None, packages_up_to_regex=None, packages_above=None, packages_above_and_dependencies=None, packages_above_depth=None, packages_select_by_dep=None, packages_skip_by_dep=None, packages_skip_up_to=None, packages_select_build_failed=False, packages_skip_build_finished=False, packages_select_test_failures=False, packages_skip_test_passed=False, packages_select=None, packages_skip=None, packages_select_regex=None, packages_skip_regex=None, packages_start=None, packages_end=None, allow_overriding=[], cmake_args=None, cmake_target=None, cmake_target_skip_unavailable=False, cmake_clean_cache=False, cmake_clean_first=False, cmake_force_configure=False, ament_cmake_args=None, catkin_cmake_args=None, catkin_skip_building_tests=False, verb_parser=<colcon_defaults.argument_parser.defaults.DefaultArgumentsDecorator object at 0xe8125f30ad20>, verb_extension=<colcon_core.verb.build.BuildVerb object at 0xe8125f2bc9e0>, main=<bound method BuildVerb.main of <colcon_core.verb.build.BuildVerb object at 0xe8125f2bc9e0>>)
[0.140s] Level 1:colcon.colcon_core.package_discovery:discover_packages(colcon_meta) check parameters
[0.140s] Level 1:colcon.colcon_core.package_discovery:discover_packages(recursive) check parameters
[0.140s] Level 1:colcon.colcon_core.package_discovery:discover_packages(ignore) check parameters
[0.140s] Level 1:colcon.colcon_core.package_discovery:discover_packages(path) check parameters
[0.140s] Level 1:colcon.colcon_core.package_discovery:discover_packages(colcon_meta) discover
[0.140s] Level 1:colcon.colcon_core.package_discovery:discover_packages(recursive) discover
[0.140s] INFO:colcon.colcon_core.package_discovery:Crawling recursively for packages in '/home/allenabraham106/Desktop/Co-op1/arm-controller/src/arm_controller'
[0.140s] Level 1:colcon.colcon_core.package_identification:_identify(.) by extensions ['ignore', 'ignore_ament_install']
[0.140s] Level 1:colcon.colcon_core.package_identification:_identify(.) by extension 'ignore'
[0.140s] Level 1:colcon.colcon_core.package_identification:_identify(.) by extension 'ignore_ament_install'
[0.140s] Level 1:colcon.colcon_core.package_identification:_identify(.) by extensions ['colcon_pkg']
[0.140s] Level 1:colcon.colcon_core.package_identification:_identify(.) by extension 'colcon_pkg'
[0.140s] Level 1:colcon.colcon_core.package_identification:_identify(.) by extensions ['colcon_meta']
[0.140s] Level 1:colcon.colcon_core.package_identification:_identify(.) by extension 'colcon_meta'
[0.140s] Level 1:colcon.colcon_core.package_identification:_identify(.) by extensions ['ros']
[0.140s] Level 1:colcon.colcon_core.package_identification:_identify(.) by extension 'ros'
[0.168s] DEBUG:colcon.colcon_core.package_identification:Package '.' with type 'ros.ament_cmake' and name 'arm_controller'
[0.168s] Level 1:colcon.colcon_core.package_discovery:discover_packages(recursive) using defaults
[0.168s] Level 1:colcon.colcon_core.package_discovery:discover_packages(ignore) discover
[0.168s] Level 1:colcon.colcon_core.package_discovery:discover_packages(ignore) using defaults
[0.168s] Level 1:colcon.colcon_core.package_discovery:discover_packages(path) discover
[0.168s] Level 1:colcon.colcon_core.package_discovery:discover_packages(path) using defaults
[0.185s] Level 1:colcon.colcon_core.package_discovery:discover_packages(prefix_path) check parameters
[0.185s] Level 1:colcon.colcon_core.package_discovery:discover_packages(prefix_path) discover
[0.186s] DEBUG:colcon.colcon_installed_package_information.package_discovery:Found 1 installed packages in /home/allenabraham106/ros2_ws/install
[0.187s] DEBUG:colcon.colcon_installed_package_information.package_discovery:Found 439 installed packages in /opt/ros/jazzy
[0.188s] Level 1:colcon.colcon_core.package_discovery:discover_packages(prefix_path) using defaults
[0.218s] Level 5:colcon.colcon_core.verb:set package 'arm_controller' build argument 'cmake_args' from command line to 'None'
[0.218s] Level 5:colcon.colcon_core.verb:set package 'arm_controller' build argument 'cmake_target' from command line to 'None'
[0.218s] Level 5:colcon.colcon_core.verb:set package 'arm_controller' build argument 'cmake_target_skip_unavailable' from command line to 'False'
[0.219s] Level 5:colcon.colcon_core.verb:set package 'arm_controller' build argument 'cmake_clean_cache' from command line to 'False'
[0.219s] Level 5:colcon.colcon_core.verb:set package 'arm_controller' build argument 'cmake_clean_first' from command line to 'False'
[0.219s] Level 5:colcon.colcon_core.verb:set package 'arm_controller' build argument 'cmake_force_configure' from command line to 'False'
[0.219s] Level 5:colcon.colcon_core.verb:set package 'arm_controller' build argument 'ament_cmake_args' from command line to 'None'
[0.219s] Level 5:colcon.colcon_core.verb:set package 'arm_controller' build argument 'catkin_cmake_args' from command line to 'None'
[0.219s] Level 5:colcon.colcon_core.verb:set package 'arm_controller' build argument 'catkin_skip_building_tests' from command line to 'False'
[0.219s] DEBUG:colcon.colcon_core.verb:Building package 'arm_controller' with the following arguments: {'ament_cmake_args': None, 'build_base': '/home/allenabraham106/Desktop/Co-op1/arm-controller/src/arm_controller/build/arm_controller', 'catkin_cmake_args': None, 'catkin_skip_building_tests': False, 'cmake_args': None, 'cmake_clean_cache': False, 'cmake_clean_first': False, 'cmake_force_configure': False, 'cmake_target': None, 'cmake_target_skip_unavailable': False, 'install_base': '/home/allenabraham106/Desktop/Co-op1/arm-controller/src/arm_controller/install/arm_controller', 'merge_install': False, 'path': '/home/allenabraham106/Desktop/Co-op1/arm-controller/src/arm_controller', 'symlink_install': False, 'test_result_base': None}
[0.219s] INFO:colcon.colcon_core.executor:Executing jobs using 'parallel' executor
[0.219s] DEBUG:colcon.colcon_parallel_executor.executor.parallel:run_until_complete
[0.219s] INFO:colcon.colcon_ros.task.ament_cmake.build:Building ROS package in '/home/allenabraham106/Desktop/Co-op1/arm-controller/src/arm_controller' with build type 'ament_cmake'
[0.219s] INFO:colcon.colcon_cmake.task.cmake.build:Building CMake package in '/home/allenabraham106/Desktop/Co-op1/arm-controller/src/arm_controller'
[0.221s] INFO:colcon.colcon_core.plugin_system:Skipping extension 'colcon_core.shell.bat': Not used on non-Windows systems
[0.221s] INFO:colcon.colcon_core.shell:Skip shell extension 'powershell' for command environment: Not usable outside of PowerShell
[0.221s] DEBUG:colcon.colcon_core.shell:Skip shell extension 'dsv' for command environment
[0.229s] DEBUG:colcon.colcon_core.event_handler.log_command:Invoking command in '/home/allenabraham106/Desktop/Co-op1/arm-controller/src/arm_controller/build/arm_controller': CMAKE_PREFIX_PATH=${CMAKE_PREFIX_PATH}:/opt/ros/jazzy DEBUGINFOD_URLS=https://debuginfod.ubuntu.com /usr/bin/cmake --build /home/allenabraham106/Desktop/Co-op1/arm-controller/src/arm_controller/build/arm_controller -- -j4 -l4
[18.853s] DEBUG:colcon.colcon_core.event_handler.log_command:Invoked command in '/home/allenabraham106/Desktop/Co-op1/arm-controller/src/arm_controller/build/arm_controller' returned '0': CMAKE_PREFIX_PATH=${CMAKE_PREFIX_PATH}:/opt/ros/jazzy DEBUGINFOD_URLS=https://debuginfod.ubuntu.com /usr/bin/cmake --build /home/allenabraham106/Desktop/Co-op1/arm-controller/src/arm_controller/build/arm_controller -- -j4 -l4
[18.864s] DEBUG:colcon.colcon_core.event_handler.log_command:Invoking command in '/home/allenabraham106/Desktop/Co-op1/arm-controller/src/arm_controller/build/arm_controller': CMAKE_PREFIX_PATH=${CMAKE_PREFIX_PATH}:/opt/ros/jazzy DEBUGINFOD_URLS=https://debuginfod.ubuntu.com /usr/bin/cmake --install /home/allenabraham106/Desktop/Co-op1/arm-controller/src/arm_controller/build/arm_controller
[18.940s] Level 1:colcon.colcon_core.environment:create_environment_scripts_only(arm_controller)
[18.942s] DEBUG:colcon.colcon_core.event_handler.log_command:Invoked command in '/home/allenabraham106/Desktop/Co-op1/arm-controller/src/arm_controller/build/arm_controller' returned '0': CMAKE_PREFIX_PATH=${CMAKE_PREFIX_PATH}:/opt/ros/jazzy DEBUGINFOD_URLS=https://debuginfod.ubuntu.com /usr/bin/cmake --install /home/allenabraham106/Desktop/Co-op1/arm-controller/src/arm_controller/build/arm_controller
[18.946s] Level 1:colcon.colcon_core.environment:checking '/home/allenabraham106/Desktop/Co-op1/arm-controller/src/arm_controller/install/arm_controller' for CMake module files
[18.947s] Level 1:colcon.colcon_core.environment:checking '/home/allenabraham106/Desktop/Co-op1/arm-controller/src/arm_controller/install/arm_controller' for CMake config files
[18.947s] Level 1:colcon.colcon_core.shell:create_environment_hook('arm_controller', 'cmake_prefix_path')
[18.947s] INFO:colcon.colcon_core.shell:Creating environment hook '/home/allenabraham106/Desktop/Co-op1/arm-controller/src/arm_controller/install/arm_controller/share/arm_controller/hook/cmake_prefix_path.ps1'
[18.948s] INFO:colcon.colcon_core.shell:Creating environment descriptor '/home/allenabraham106/Desktop/Co-op1/arm-controller/src/arm_controller/install/arm_controller/share/arm_controller/hook/cmake_prefix_path.dsv'
[18.948s] INFO:colcon.colcon_core.shell:Creating environment hook '/home/allenabraham106/Desktop/Co-op1/arm-controller/src/arm_controller/install/arm_controller/share/arm_controller/hook/cmake_prefix_path.sh'
[18.949s] Level 1:colcon.colcon_core.environment:checking '/home/allenabraham106/Desktop/Co-op1/arm-controller/src/arm_controller/install/arm_controller/lib'
[18.949s] Level 1:colcon.colcon_core.shell:create_environment_hook('arm_controller', 'ld_library_path_lib')
[18.949s] INFO:colcon.colcon_core.shell:Creating environment hook '/home/allenabraham106/Desktop/Co-op1/arm-controller/src/arm_controller/install/arm_controller/share/arm_controller/hook/ld_library_path_lib.ps1'
[18.949s] INFO:colcon.colcon_core.shell:Creating environment descriptor '/home/allenabraham106/Desktop/Co-op1/arm-controller/src/arm_controller/install/arm_controller/share/arm_controller/hook/ld_library_path_lib.dsv'
[18.949s] INFO:colcon.colcon_core.shell:Creating environment hook '/home/allenabraham106/Desktop/Co-op1/arm-controller/src/arm_controller/install/arm_controller/share/arm_controller/hook/ld_library_path_lib.sh'
[18.949s] Level 1:colcon.colcon_core.environment:checking '/home/allenabraham106/Desktop/Co-op1/arm-controller/src/arm_controller/install/arm_controller/bin'
[18.949s] Level 1:colcon.colcon_core.environment:checking '/home/allenabraham106/Desktop/Co-op1/arm-controller/src/arm_controller/install/arm_controller/lib/pkgconfig/arm_controller.pc'
[18.950s] Level 1:colcon.colcon_core.environment:checking '/home/allenabraham106/Desktop/Co-op1/arm-controller/src/arm_controller/install/arm_controller/lib/python3.12/site-packages'
[18.950s] Level 1:colcon.colcon_core.shell:create_environment_hook('arm_controller', 'pythonpath')
[18.950s] INFO:colcon.colcon_core.shell:Creating environment hook '/home/allenabraham106/Desktop/Co-op1/arm-controller/src/arm_controller/install/arm_controller/share/arm_controller/hook/pythonpath.ps1'
[18.950s] INFO:colcon.colcon_core.shell:Creating environment descriptor '/home/allenabraham106/Desktop/Co-op1/arm-controller/src/arm_controller/install/arm_controller/share/arm_controller/hook/pythonpath.dsv'
[18.950s] INFO:colcon.colcon_core.shell:Creating environment hook '/home/allenabraham106/Desktop/Co-op1/arm-controller/src/arm_controller/install/arm_controller/share/arm_controller/hook/pythonpath.sh'
[18.950s] Level 1:colcon.colcon_core.environment:checking '/home/allenabraham106/Desktop/Co-op1/arm-controller/src/arm_controller/install/arm_controller/bin'
[18.951s] INFO:colcon.colcon_core.shell:Creating package script '/home/allenabraham106/Desktop/Co-op1/arm-controller/src/arm_controller/install/arm_controller/share/arm_controller/package.ps1'
[18.951s] INFO:colcon.colcon_core.shell:Creating package descriptor '/home/allenabraham106/Desktop/Co-op1/arm-controller/src/arm_controller/install/arm_controller/share/arm_controller/package.dsv'
[18.951s] INFO:colcon.colcon_core.shell:Creating package script '/home/allenabraham106/Desktop/Co-op1/arm-controller/src/arm_controller/install/arm_controller/share/arm_controller/package.sh'
[18.952s] INFO:colcon.colcon_core.shell:Creating package script '/home/allenabraham106/Desktop/Co-op1/arm-controller/src/arm_controller/install/arm_controller/share/arm_controller/package.bash'
[18.952s] INFO:colcon.colcon_core.shell:Creating package script '/home/allenabraham106/Desktop/Co-op1/arm-controller/src/arm_controller/install/arm_controller/share/arm_controller/package.zsh'
[18.952s] Level 1:colcon.colcon_core.environment:create_file_with_runtime_dependencies(/home/allenabraham106/Desktop/Co-op1/arm-controller/src/arm_controller/install/arm_controller/share/colcon-core/packages/arm_controller)
[18.953s] Level 1:colcon.colcon_core.environment:create_environment_scripts_only(arm_controller)
[18.953s] Level 1:colcon.colcon_core.environment:checking '/home/allenabraham106/Desktop/Co-op1/arm-controller/src/arm_controller/install/arm_controller' for CMake module files
[18.953s] Level 1:colcon.colcon_core.environment:checking '/home/allenabraham106/Desktop/Co-op1/arm-controller/src/arm_controller/install/arm_controller' for CMake config files
[18.953s] Level 1:colcon.colcon_core.shell:create_environment_hook('arm_controller', 'cmake_prefix_path')
[18.953s] INFO:colcon.colcon_core.shell:Creating environment hook '/home/allenabraham106/Desktop/Co-op1/arm-controller/src/arm_controller/install/arm_controller/share/arm_controller/hook/cmake_prefix_path.ps1'
[18.954s] INFO:colcon.colcon_core.shell:Creating environment descriptor '/home/allenabraham106/Desktop/Co-op1/arm-controller/src/arm_controller/install/arm_controller/share/arm_controller/hook/cmake_prefix_path.dsv'
[18.954s] INFO:colcon.colcon_core.shell:Creating environment hook '/home/allenabraham106/Desktop/Co-op1/arm-controller/src/arm_controller/install/arm_controller/share/arm_controller/hook/cmake_prefix_path.sh'
[18.954s] Level 1:colcon.colcon_core.environment:checking '/home/allenabraham106/Desktop/Co-op1/arm-controller/src/arm_controller/install/arm_controller/lib'
[18.954s] Level 1:colcon.colcon_core.shell:create_environment_hook('arm_controller', 'ld_library_path_lib')
[18.954s] INFO:colcon.colcon_core.shell:Creating environment hook '/home/allenabraham106/Desktop/Co-op1/arm-controller/src/arm_controller/install/arm_controller/share/arm_controller/hook/ld_library_path_lib.ps1'
[18.954s] INFO:colcon.colcon_core.shell:Creating environment descriptor '/home/allenabraham106/Desktop/Co-op1/arm-controller/src/arm_controller/install/arm_controller/share/arm_controller/hook/ld_library_path_lib.dsv'
[18.954s] INFO:colcon.colcon_core.shell:Creating environment hook '/home/allenabraham106/Desktop/Co-op1/arm-controller/src/arm_controller/install/arm_controller/share/arm_controller/hook/ld_library_path_lib.sh'
[18.955s] Level 1:colcon.colcon_core.environment:checking '/home/allenabraham106/Desktop/Co-op1/arm-controller/src/arm_controller/install/arm_controller/bin'
[18.955s] Level 1:colcon.colcon_core.environment:checking '/home/allenabraham106/Desktop/Co-op1/arm-controller/src/arm_controller/install/arm_controller/lib/pkgconfig/arm_controller.pc'
[18.955s] Level 1:colcon.colcon_core.environment:checking '/home/allenabraham106/Desktop/Co-op1/arm-controller/src/arm_controller/install/arm_controller/lib/python3.12/site-packages'
[18.955s] Level 1:colcon.colcon_core.shell:create_environment_hook('arm_controller', 'pythonpath')
[18.955s] INFO:colcon.colcon_core.shell:Creating environment hook '/home/allenabraham106/Desktop/Co-op1/arm-controller/src/arm_controller/install/arm_controller/share/arm_controller/hook/pythonpath.ps1'
[18.955s] INFO:colcon.colcon_core.shell:Creating environment descriptor '/home/allenabraham106/Desktop/Co-op1/arm-controller/src/arm_controller/install/arm_controller/share/arm_controller/hook/pythonpath.dsv'
[18.955s] INFO:colcon.colcon_core.shell:Creating environment hook '/home/allenabraham106/Desktop/Co-op1/arm-controller/src/arm_controller/install/arm_controller/share/arm_controller/hook/pythonpath.sh'
[18.956s] Level 1:colcon.colcon_core.environment:checking '/home/allenabraham106/Desktop/Co-op1/arm-controller/src/arm_controller/install/arm_controller/bin'
[18.956s] INFO:colcon.colcon_core.shell:Creating package script '/home/allenabraham106/Desktop/Co-op1/arm-controller/src/arm_controller/install/arm_controller/share/arm_controller/package.ps1'
[18.957s] INFO:colcon.colcon_core.shell:Creating package descriptor '/home/allenabraham106/Desktop/Co-op1/arm-controller/src/arm_controller/install/arm_controller/share/arm_controller/package.dsv'
[18.957s] INFO:colcon.colcon_core.shell:Creating package script '/home/allenabraham106/Desktop/Co-op1/arm-controller/src/arm_controller/install/arm_controller/share/arm_controller/package.sh'
[18.957s] INFO:colcon.colcon_core.shell:Creating package script '/home/allenabraham106/Desktop/Co-op1/arm-controller/src/arm_controller/install/arm_controller/share/arm_controller/package.bash'
[18.957s] INFO:colcon.colcon_core.shell:Creating package script '/home/allenabraham106/Desktop/Co-op1/arm-controller/src/arm_controller/install/arm_controller/share/arm_controller/package.zsh'
[18.957s] Level 1:colcon.colcon_core.environment:create_file_with_runtime_dependencies(/home/allenabraham106/Desktop/Co-op1/arm-controller/src/arm_controller/install/arm_controller/share/colcon-core/packages/arm_controller)
[18.958s] DEBUG:colcon.colcon_parallel_executor.executor.parallel:closing loop
[18.958s] DEBUG:colcon.colcon_parallel_executor.executor.parallel:loop closed
[18.958s] DEBUG:colcon.colcon_parallel_executor.executor.parallel:run_until_complete finished with '0'
[18.958s] DEBUG:colcon.colcon_core.event_reactor:joining thread
[18.959s] DEBUG:colcon.colcon_core.event_reactor:joined thread
[18.959s] INFO:colcon.colcon_core.shell:Creating prefix script '/home/allenabraham106/Desktop/Co-op1/arm-controller/src/arm_controller/install/local_setup.ps1'
[18.959s] INFO:colcon.colcon_core.shell:Creating prefix util module '/home/allenabraham106/Desktop/Co-op1/arm-controller/src/arm_controller/install/_local_setup_util_ps1.py'
[18.960s] INFO:colcon.colcon_core.shell:Creating prefix chain script '/home/allenabraham106/Desktop/Co-op1/arm-controller/src/arm_controller/install/setup.ps1'
[18.961s] INFO:colcon.colcon_core.shell:Creating prefix script '/home/allenabraham106/Desktop/Co-op1/arm-controller/src/arm_controller/install/local_setup.sh'
[18.961s] INFO:colcon.colcon_core.shell:Creating prefix util module '/home/allenabraham106/Desktop/Co-op1/arm-controller/src/arm_controller/install/_local_setup_util_sh.py'
[18.961s] INFO:colcon.colcon_core.shell:Creating prefix chain script '/home/allenabraham106/Desktop/Co-op1/arm-controller/src/arm_controller/install/setup.sh'
[18.962s] INFO:colcon.colcon_core.shell:Creating prefix script '/home/allenabraham106/Desktop/Co-op1/arm-controller/src/arm_controller/install/local_setup.bash'
[18.962s] INFO:colcon.colcon_core.shell:Creating prefix chain script '/home/allenabraham106/Desktop/Co-op1/arm-controller/src/arm_controller/install/setup.bash'
[18.963s] INFO:colcon.colcon_core.shell:Creating prefix script '/home/allenabraham106/Desktop/Co-op1/arm-controller/src/arm_controller/install/local_setup.zsh'
[18.963s] INFO:colcon.colcon_core.shell:Creating prefix chain script '/home/allenabraham106/Desktop/Co-op1/arm-controller/src/arm_controller/install/setup.zsh'
