[0.007s] Invoking command in '/home/allenabraham106/Desktop/Co-op1/arm-controller/src/arm_controller/build/arm_controller': CMAKE_PREFIX_PATH=${CMAKE_PREFIX_PATH}:/opt/ros/jazzy DEBUGINFOD_URLS=https://debuginfod.ubuntu.com /usr/bin/cmake --build /home/allenabraham106/Desktop/Co-op1/arm-controller/src/arm_controller/build/arm_controller -- -j4 -l4
[0.041s] -- Found ament_cmake: 2.5.6 (/opt/ros/jazzy/share/ament_cmake/cmake)
[0.101s] -- Found rclcpp: 28.1.18 (/opt/ros/jazzy/share/rclcpp/cmake)
[0.118s] -- Found rosidl_generator_c: 4.6.7 (/opt/ros/jazzy/share/rosidl_generator_c/cmake)
[0.122s] -- Found rosidl_generator_cpp: 4.6.7 (/opt/ros/jazzy/share/rosidl_generator_cpp/cmake)
[0.128s] -- Using all available rosidl_typesupport_c: rosidl_typesupport_fastrtps_c;rosidl_typesupport_introspection_c
[0.136s] -- Using all available rosidl_typesupport_cpp: rosidl_typesupport_fastrtps_cpp;rosidl_typesupport_introspection_cpp
[0.165s] -- Found rmw_implementation_cmake: 7.3.3 (/opt/ros/jazzy/share/rmw_implementation_cmake/cmake)
[0.165s] -- Found rmw_fastrtps_cpp: 8.4.3 (/opt/ros/jazzy/share/rmw_fastrtps_cpp/cmake)
[0.199s] -- Using RMW implementation 'rmw_fastrtps_cpp' as default
[0.229s] -- Found rclcpp_lifecycle: 28.1.18 (/opt/ros/jazzy/share/rclcpp_lifecycle/cmake)
[0.243s] -- Found moveit_ros_planning_interface: 2.12.4 (/opt/ros/jazzy/share/moveit_ros_planning_interface/cmake)
[0.249s] -- Found Boost: /usr/lib/aarch64-linux-gnu/cmake/Boost-1.83.0/BoostConfig.cmake (found version "1.83.0") found components: date_time filesystem program_options system thread 
[0.367s] -- Found Boost: /usr/lib/aarch64-linux-gnu/cmake/Boost-1.83.0/BoostConfig.cmake (found version "1.83.0") found components: chrono date_time filesystem iostreams program_options regex serialization system thread 
[0.381s] -- Found parameter_traits: 0.7.1 (/opt/ros/jazzy/share/parameter_traits/cmake)
[0.387s] -- Found Boost: /usr/lib/aarch64-linux-gnu/cmake/Boost-1.83.0/BoostConfig.cmake (found version "1.83.0") found components: filesystem 
[0.408s] -- Ensuring Eigen3 include directory is part of orocos-kdl CMake target
[0.467s] -- Found Boost: /usr/lib/aarch64-linux-gnu/cmake/Boost-1.83.0/BoostConfig.cmake (found version "1.83.0") found components: system filesystem date_time program_options thread chrono 
[0.488s] -- Found Boost: /usr/lib/aarch64-linux-gnu/cmake/Boost-1.83.0/BoostConfig.cmake (found version "1.83.0") found components: thread system filesystem regex date_time program_options 
[0.499s] -- Found Boost: /usr/lib/aarch64-linux-gnu/cmake/Boost-1.83.0/BoostConfig.cmake (found version "1.83.0") found components: system filesystem date_time program_options thread 
[0.516s] -- Found rosidl_default_generators: 1.6.0 (/opt/ros/jazzy/share/rosidl_default_generators/cmake)
[0.522s] -- Found rosidl_adapter: 4.6.7 (/opt/ros/jazzy/share/rosidl_adapter/cmake)
[0.671s] -- Found ament_cmake_ros: 0.12.0 (/opt/ros/jazzy/share/ament_cmake_ros/cmake)
[0.797s] -- Using all available rosidl_typesupport_c: rosidl_typesupport_fastrtps_c;rosidl_typesupport_introspection_c
[0.851s] -- Using all available rosidl_typesupport_cpp: rosidl_typesupport_fastrtps_cpp;rosidl_typesupport_introspection_cpp
[0.852s] -- Found python_cmake_module: 0.11.1 (/opt/ros/jazzy/share/python_cmake_module/cmake)
[1.003s] -- Found Python3: /usr/bin/python3 (found version "3.12.3") found components: Interpreter Development NumPy Development.Module Development.Embed 
[1.043s] -- Found Python3: /usr/bin/python3 (found version "3.12.3") found components: Interpreter 
[1.050s] -- Configuring done (1.0s)
[1.114s] -- Generating done (0.1s)
[1.131s] -- Build files have been written to: /home/allenabraham106/Desktop/Co-op1/arm-controller/src/arm_controller/build/arm_controller
[1.156s] [  3%] [34m[1mGenerating type hashes for ROS interfaces[0m
[1.156s] [  3%] [34m[1mGenerating Rust code for ROS interfaces[0m
[1.164s] [  3%] Built target ament_cmake_python_copy_arm_controller
[1.261s] [  3%] Built target arm_controller__rosidl_generator_type_description
[1.266s] [  5%] [34m[1mGenerating C code for ROS interfaces[0m
[1.272s] [  7%] [34m[1mGenerating C++ code for ROS interfaces[0m
[1.276s] running egg_info
[1.286s] writing arm_controller.egg-info/PKG-INFO
[1.286s] writing dependency_links to arm_controller.egg-info/dependency_links.txt
[1.287s] writing top-level names to arm_controller.egg-info/top_level.txt
[1.291s] [  7%] Built target arm_controller__rs
[1.318s] reading manifest file 'arm_controller.egg-info/SOURCES.txt'
[1.318s] writing manifest file 'arm_controller.egg-info/SOURCES.txt'
[1.336s] [  7%] Built target ament_cmake_python_build_arm_controller_egg
[1.412s] [  7%] Built target arm_controller__cpp
[1.432s] [  9%] [32mBuilding C object CMakeFiles/arm_controller__rosidl_generator_c.dir/rosidl_generator_c/arm_controller/msg/detail/waypoint_command__description.c.o[0m
[1.434s] [ 13%] [32mBuilding C object CMakeFiles/arm_controller__rosidl_generator_c.dir/rosidl_generator_c/arm_controller/msg/detail/waypoint_command__type_support.c.o[0m
[1.435s] [ 15%] [32mBuilding C object CMakeFiles/arm_controller__rosidl_generator_c.dir/rosidl_generator_c/arm_controller/msg/detail/waypoint_command__functions.c.o[0m
[1.435s] [ 15%] [32mBuilding C object CMakeFiles/arm_controller__rosidl_generator_c.dir/rosidl_generator_c/arm_controller/msg/detail/waypoint_status__description.c.o[0m
[1.457s] [ 17%] [32mBuilding C object CMakeFiles/arm_controller__rosidl_generator_c.dir/rosidl_generator_c/arm_controller/msg/detail/waypoint_status__functions.c.o[0m
[1.457s] [ 19%] [32mBuilding C object CMakeFiles/arm_controller__rosidl_generator_c.dir/rosidl_generator_c/arm_controller/msg/detail/waypoint_status__type_support.c.o[0m
[1.479s] [ 21%] [32m[1mLinking C shared library libarm_controller__rosidl_generator_c.so[0m
[1.498s] [ 21%] Built target arm_controller__rosidl_generator_c
[1.503s] [ 25%] [34m[1mGenerating C++ type support for eProsima Fast-RTPS[0m
[1.503s] [ 25%] [34m[1mGenerating C type support for eProsima Fast-RTPS[0m
[1.505s] [ 27%] [34m[1mGenerating C type support dispatch for ROS interfaces[0m
[1.506s] [ 29%] [34m[1mGenerating C introspection for ROS interfaces[0m
[1.630s] [ 31%] [32mBuilding CXX object CMakeFiles/arm_controller__rosidl_typesupport_c.dir/rosidl_typesupport_c/arm_controller/msg/waypoint_command__type_support.cpp.o[0m
[1.655s] [ 33%] [32mBuilding CXX object CMakeFiles/arm_controller__rosidl_typesupport_fastrtps_c.dir/rosidl_typesupport_fastrtps_c/arm_controller/msg/detail/waypoint_command__type_support_c.cpp.o[0m
[1.656s] [ 35%] [32mBuilding CXX object CMakeFiles/arm_controller__rosidl_typesupport_fastrtps_cpp.dir/rosidl_typesupport_fastrtps_cpp/arm_controller/msg/detail/dds_fastrtps/waypoint_command__type_support.cpp.o[0m
[1.658s] [ 37%] [32mBuilding C object CMakeFiles/arm_controller__rosidl_typesupport_introspection_c.dir/rosidl_typesupport_introspection_c/arm_controller/msg/detail/waypoint_command__type_support.c.o[0m
[1.662s] [ 39%] [32mBuilding CXX object CMakeFiles/arm_controller__rosidl_typesupport_c.dir/rosidl_typesupport_c/arm_controller/msg/waypoint_status__type_support.cpp.o[0m
[1.687s] [ 41%] [32m[1mLinking CXX shared library libarm_controller__rosidl_typesupport_c.so[0m
[1.689s] [ 43%] [32mBuilding C object CMakeFiles/arm_controller__rosidl_typesupport_introspection_c.dir/rosidl_typesupport_introspection_c/arm_controller/msg/detail/waypoint_status__type_support.c.o[0m
[1.718s] [ 45%] [32m[1mLinking C shared library libarm_controller__rosidl_typesupport_introspection_c.so[0m
[1.723s] [ 45%] Built target arm_controller__rosidl_typesupport_c
[1.728s] [ 47%] [32mBuilding CXX object CMakeFiles/arm_controller__rosidl_typesupport_fastrtps_cpp.dir/rosidl_typesupport_fastrtps_cpp/arm_controller/msg/detail/dds_fastrtps/waypoint_status__type_support.cpp.o[0m
[1.738s] [ 47%] Built target arm_controller__rosidl_typesupport_introspection_c
[1.746s] [ 49%] [32mBuilding CXX object CMakeFiles/arm_controller__rosidl_typesupport_fastrtps_c.dir/rosidl_typesupport_fastrtps_c/arm_controller/msg/detail/waypoint_status__type_support_c.cpp.o[0m
[2.007s] [ 50%] [34m[1mGenerating C++ introspection for ROS interfaces[0m
[2.048s] [ 52%] [34m[1mGenerating C++ type support dispatch for ROS interfaces[0m
[2.088s] [ 54%] [32m[1mLinking CXX shared library libarm_controller__rosidl_typesupport_fastrtps_cpp.so[0m
[2.123s] [ 54%] Built target arm_controller__rosidl_typesupport_fastrtps_cpp
[2.140s] [ 56%] [32m[1mLinking CXX shared library libarm_controller__rosidl_typesupport_fastrtps_c.so[0m
[2.147s] [ 58%] [32mBuilding CXX object CMakeFiles/arm_controller__rosidl_typesupport_introspection_cpp.dir/rosidl_typesupport_introspection_cpp/arm_controller/msg/detail/waypoint_command__type_support.cpp.o[0m
[2.149s] [ 60%] [32mBuilding CXX object CMakeFiles/arm_controller__rosidl_typesupport_introspection_cpp.dir/rosidl_typesupport_introspection_cpp/arm_controller/msg/detail/waypoint_status__type_support.cpp.o[0m
[2.176s] [ 62%] [32mBuilding CXX object CMakeFiles/arm_controller__rosidl_typesupport_cpp.dir/rosidl_typesupport_cpp/arm_controller/msg/waypoint_command__type_support.cpp.o[0m
[2.194s] [ 62%] Built target arm_controller__rosidl_typesupport_fastrtps_c
[2.198s] [ 64%] [32mBuilding CXX object CMakeFiles/arm_controller__rosidl_typesupport_cpp.dir/rosidl_typesupport_cpp/arm_controller/msg/waypoint_status__type_support.cpp.o[0m
[2.308s] [ 66%] [32m[1mLinking CXX shared library libarm_controller__rosidl_typesupport_introspection_cpp.so[0m
[2.332s] [ 68%] [32m[1mLinking CXX shared library libarm_controller__rosidl_typesupport_cpp.so[0m
[2.341s] [ 68%] Built target arm_controller__rosidl_typesupport_introspection_cpp
[2.353s] [ 68%] Built target arm_controller__rosidl_typesupport_cpp
[2.361s] [ 68%] Built target arm_controller
[2.373s] [ 70%] [34m[1mGenerating Python code for ROS interfaces[0m
[2.373s] [ 72%] [32mBuilding CXX object CMakeFiles/arm_controller_lib.dir/src/arm_controller.cpp.o[0m
[2.529s] [ 72%] Built target arm_controller__py
[2.542s] [ 76%] [32mBuilding C object CMakeFiles/arm_controller__rosidl_generator_py.dir/rosidl_generator_py/arm_controller/msg/_waypoint_command_s.c.o[0m
[2.542s] [ 76%] [32mBuilding C object CMakeFiles/arm_controller__rosidl_generator_py.dir/rosidl_generator_py/arm_controller/msg/_waypoint_status_s.c.o[0m
[2.602s] [ 78%] [32m[1mLinking C shared library libarm_controller__rosidl_generator_py.so[0m
[2.623s] [ 78%] Built target arm_controller__rosidl_generator_py
[2.637s] [ 80%] [32mBuilding C object CMakeFiles/arm_controller_s__rosidl_typesupport_fastrtps_c.dir/rosidl_generator_py/arm_controller/_arm_controller_s.ep.rosidl_typesupport_fastrtps_c.c.o[0m
[2.637s] [ 82%] [32mBuilding C object CMakeFiles/arm_controller_s__rosidl_typesupport_c.dir/rosidl_generator_py/arm_controller/_arm_controller_s.ep.rosidl_typesupport_c.c.o[0m
[2.641s] [ 84%] [32mBuilding C object CMakeFiles/arm_controller_s__rosidl_typesupport_introspection_c.dir/rosidl_generator_py/arm_controller/_arm_controller_s.ep.rosidl_typesupport_introspection_c.c.o[0m
[2.689s] [ 86%] [32m[1mLinking C shared module rosidl_generator_py/arm_controller/arm_controller_s__rosidl_typesupport_fastrtps_c.so[0m
[2.691s] [ 88%] [32m[1mLinking C shared module rosidl_generator_py/arm_controller/arm_controller_s__rosidl_typesupport_c.so[0m
[2.705s] [ 90%] [32m[1mLinking C shared module rosidl_generator_py/arm_controller/arm_controller_s__rosidl_typesupport_introspection_c.so[0m
[2.709s] [ 90%] Built target arm_controller_s__rosidl_typesupport_c
[2.709s] [ 90%] Built target arm_controller_s__rosidl_typesupport_fastrtps_c
[2.722s] [ 90%] Built target arm_controller_s__rosidl_typesupport_introspection_c
[3.658s] In file included from [01m[K/home/allenabraham106/Desktop/Co-op1/arm-controller/src/arm_controller/include/arm_controller/arm_controller.hpp:5[m[K,
[3.658s]                  from [01m[K/home/allenabraham106/Desktop/Co-op1/arm-controller/src/arm_controller/src/arm_controller.cpp:1[m[K:
[3.658s] [01m[K/opt/ros/jazzy/include/moveit_ros_planning_interface/moveit/move_group_interface/move_group_interface.h:51:77:[m[K [01;36m[Knote: [m[K‘[01m[K#pragma message: .h header is obsolete. Please use the .hpp header instead.[m[K’
[3.658s]    51 | #pragma message(".h header is obsolete. Please use the .hpp header instead."[01;36m[K)[m[K
[3.658s]       |                                                                             [01;36m[K^[m[K
[4.843s] [01m[K/home/allenabraham106/Desktop/Co-op1/arm-controller/src/arm_controller/src/arm_controller.cpp:[m[K In member function ‘[01m[Kbool ArmController::[01;32m[KexecuteWaypoints[m[K()[m[K’:
[4.844s] [01m[K/home/allenabraham106/Desktop/Co-op1/arm-controller/src/arm_controller/src/arm_controller.cpp:150:56:[m[K [01;35m[Kwarning: [m[K‘[01m[Kdouble moveit::planning_interface::MoveGroupInterface::[01;32m[KcomputeCartesianPath[m[K(const std::vector<geometry_msgs::msg::Pose_<std::allocator<void> > >&, double, double, moveit_msgs::msg::RobotTrajectory&, bool, moveit_msgs::msg::MoveItErrorCodes*)[m[K’ is deprecated: Drop jump_threshold [[01;35m[K]8;;https://gcc.gnu.org/onlinedocs/gcc/Warning-Options.html#index-Wdeprecated-declarations-Wdeprecated-declarations]8;;[m[K]
[4.844s]   150 |     double fraction = [01;35m[Kmove_group_->computeCartesianPath([m[K
[4.844s]       |                       [01;35m[K~~~~~~~~~~~~~~~~~~~~~~~~~~~~~~~~~^[m[K
[4.844s]   151 | [01;35m[K        waypoints_,[m[K
[4.844s]       |         [01;35m[K~~~~~~~~~~~[m[K                                     
[4.844s]   152 | [01;35m[K        0.01,[m[K
[4.844s]       |         [01;35m[K~~~~~[m[K                                           
[4.844s]   153 | [01;35m[K        0.0,[m[K
[4.844s]       |         [01;35m[K~~~~[m[K                                            
[4.844s]   154 | [01;35m[K        trajectory,[m[K
[4.844s]       |         [01;35m[K~~~~~~~~~~~[m[K                                     
[4.844s]   155 | [01;35m[K        true,[m[K
[4.844s]       |         [01;35m[K~~~~~[m[K                                           
[4.844s]   156 | [01;35m[K        &error_code[m[K
[4.844s]       |         [01;35m[K~~~~~~~~~~~[m[K                                     
[4.844s]   157 | [01;35m[K    )[m[K;
[4.844s]       |     [01;35m[K~[m[K                                                   
[4.844s] In file included from [01m[K/opt/ros/jazzy/include/moveit_ros_planning_interface/moveit/move_group_interface/move_group_interface.h:52[m[K:
[4.844s] [01m[K/opt/ros/jazzy/include/moveit_ros_planning_interface/moveit/move_group_interface/move_group_interface.hpp:765:3:[m[K [01;36m[Knote: [m[Kdeclared here
[4.844s]   765 |   [01;36m[KcomputeCartesianPath[m[K(const std::vector<geometry_msgs::msg::Pose>& waypoints, double eef_step,
[4.844s]       |   [01;36m[K^~~~~~~~~~~~~~~~~~~~[m[K
[12.404s] [ 92%] [32m[1mLinking CXX shared library libarm_controller_lib.so[0m
[12.882s] [ 92%] Built target arm_controller_lib
[12.899s] [ 94%] [32m[1mLinking CXX executable terminal_controller[0m
[12.901s] [ 96%] [32mBuilding CXX object CMakeFiles/arm_lifecycle_node.dir/src/arm_lifecycle_node.cpp.o[0m
[13.776s] [ 98%] Built target terminal_controller
[14.101s] In file included from [01m[K/home/allenabraham106/Desktop/Co-op1/arm-controller/src/arm_controller/include/arm_controller/arm_controller.hpp:5[m[K,
[14.101s]                  from [01m[K/home/allenabraham106/Desktop/Co-op1/arm-controller/src/arm_controller/src/arm_lifecycle_node.cpp:5[m[K:
[14.101s] [01m[K/opt/ros/jazzy/include/moveit_ros_planning_interface/moveit/move_group_interface/move_group_interface.h:51:77:[m[K [01;36m[Knote: [m[K‘[01m[K#pragma message: .h header is obsolete. Please use the .hpp header instead.[m[K’
[14.101s]    51 | #pragma message(".h header is obsolete. Please use the .hpp header instead."[01;36m[K)[m[K
[14.101s]       |                                                                             [01;36m[K^[m[K
[16.692s] [100%] [32m[1mLinking CXX executable arm_lifecycle_node[0m
[17.034s] [100%] Built target arm_lifecycle_node
[17.044s] Invoked command in '/home/allenabraham106/Desktop/Co-op1/arm-controller/src/arm_controller/build/arm_controller' returned '0': CMAKE_PREFIX_PATH=${CMAKE_PREFIX_PATH}:/opt/ros/jazzy DEBUGINFOD_URLS=https://debuginfod.ubuntu.com /usr/bin/cmake --build /home/allenabraham106/Desktop/Co-op1/arm-controller/src/arm_controller/build/arm_controller -- -j4 -l4
[17.052s] Invoking command in '/home/allenabraham106/Desktop/Co-op1/arm-controller/src/arm_controller/build/arm_controller': CMAKE_PREFIX_PATH=${CMAKE_PREFIX_PATH}:/opt/ros/jazzy DEBUGINFOD_URLS=https://debuginfod.ubuntu.com /usr/bin/cmake --install /home/allenabraham106/Desktop/Co-op1/arm-controller/src/arm_controller/build/arm_controller
[17.057s] -- Install configuration: ""
[17.057s] -- Installing: /home/allenabraham106/Desktop/Co-op1/arm-controller/src/arm_controller/install/arm_controller/share/ament_index/resource_index/rosidl_interfaces/arm_controller
[17.057s] -- Installing: /home/allenabraham106/Desktop/Co-op1/arm-controller/src/arm_controller/install/arm_controller/share/arm_controller/msg/WaypointCommand.json
[17.057s] -- Installing: /home/allenabraham106/Desktop/Co-op1/arm-controller/src/arm_controller/install/arm_controller/share/arm_controller/msg/WaypointStatus.json
[17.057s] -- Up-to-date: /home/allenabraham106/Desktop/Co-op1/arm-controller/src/arm_controller/install/arm_controller/include/arm_controller/arm_controller
[17.057s] -- Up-to-date: /home/allenabraham106/Desktop/Co-op1/arm-controller/src/arm_controller/install/arm_controller/include/arm_controller/arm_controller/msg
[17.057s] -- Installing: /home/allenabraham106/Desktop/Co-op1/arm-controller/src/arm_controller/install/arm_controller/include/arm_controller/arm_controller/msg/waypoint_status.h
[17.057s] -- Up-to-date: /home/allenabraham106/Desktop/Co-op1/arm-controller/src/arm_controller/install/arm_controller/include/arm_controller/arm_controller/msg/rosidl_generator_c__visibility_control.h
[17.057s] -- Installing: /home/allenabraham106/Desktop/Co-op1/arm-controller/src/arm_controller/install/arm_controller/include/arm_controller/arm_controller/msg/waypoint_command.h
[17.058s] -- Up-to-date: /home/allenabraham106/Desktop/Co-op1/arm-controller/src/arm_controller/install/arm_controller/include/arm_controller/arm_controller/msg/detail
[17.058s] -- Installing: /home/allenabraham106/Desktop/Co-op1/arm-controller/src/arm_controller/install/arm_controller/include/arm_controller/arm_controller/msg/detail/waypoint_status__type_support.c
[17.058s] -- Installing: /home/allenabraham106/Desktop/Co-op1/arm-controller/src/arm_controller/install/arm_controller/include/arm_controller/arm_controller/msg/detail/waypoint_command__type_support.c
[17.058s] -- Installing: /home/allenabraham106/Desktop/Co-op1/arm-controller/src/arm_controller/install/arm_controller/include/arm_controller/arm_controller/msg/detail/waypoint_status__functions.h
[17.058s] -- Installing: /home/allenabraham106/Desktop/Co-op1/arm-controller/src/arm_controller/install/arm_controller/include/arm_controller/arm_controller/msg/detail/waypoint_command__description.c
[17.058s] -- Installing: /home/allenabraham106/Desktop/Co-op1/arm-controller/src/arm_controller/install/arm_controller/include/arm_controller/arm_controller/msg/detail/waypoint_command__struct.h
[17.058s] -- Installing: /home/allenabraham106/Desktop/Co-op1/arm-controller/src/arm_controller/install/arm_controller/include/arm_controller/arm_controller/msg/detail/waypoint_status__description.c
[17.058s] -- Installing: /home/allenabraham106/Desktop/Co-op1/arm-controller/src/arm_controller/install/arm_controller/include/arm_controller/arm_controller/msg/detail/waypoint_status__functions.c
[17.058s] -- Installing: /home/allenabraham106/Desktop/Co-op1/arm-controller/src/arm_controller/install/arm_controller/include/arm_controller/arm_controller/msg/detail/waypoint_command__functions.h
[17.058s] -- Installing: /home/allenabraham106/Desktop/Co-op1/arm-controller/src/arm_controller/install/arm_controller/include/arm_controller/arm_controller/msg/detail/waypoint_command__type_support.h
[17.058s] -- Installing: /home/allenabraham106/Desktop/Co-op1/arm-controller/src/arm_controller/install/arm_controller/include/arm_controller/arm_controller/msg/detail/waypoint_status__type_support.h
[17.058s] -- Installing: /home/allenabraham106/Desktop/Co-op1/arm-controller/src/arm_controller/install/arm_controller/include/arm_controller/arm_controller/msg/detail/waypoint_command__functions.c
[17.058s] -- Installing: /home/allenabraham106/Desktop/Co-op1/arm-controller/src/arm_controller/install/arm_controller/include/arm_controller/arm_controller/msg/detail/waypoint_status__struct.h
[17.058s] -- Up-to-date: /home/allenabraham106/Desktop/Co-op1/arm-controller/src/arm_controller/install/arm_controller/share/arm_controller/environment/library_path.sh
[17.058s] -- Up-to-date: /home/allenabraham106/Desktop/Co-op1/arm-controller/src/arm_controller/install/arm_controller/share/arm_controller/environment/library_path.dsv
[17.058s] -- Installing: /home/allenabraham106/Desktop/Co-op1/arm-controller/src/arm_controller/install/arm_controller/lib/libarm_controller__rosidl_generator_c.so
[17.059s] -- Set non-toolchain portion of runtime path of "/home/allenabraham106/Desktop/Co-op1/arm-controller/src/arm_controller/install/arm_controller/lib/libarm_controller__rosidl_generator_c.so" to ""
[17.059s] -- Up-to-date: /home/allenabraham106/Desktop/Co-op1/arm-controller/src/arm_controller/install/arm_controller/include/arm_controller/arm_controller
[17.059s] -- Up-to-date: /home/allenabraham106/Desktop/Co-op1/arm-controller/src/arm_controller/install/arm_controller/include/arm_controller/arm_controller/msg
[17.059s] -- Up-to-date: /home/allenabraham106/Desktop/Co-op1/arm-controller/src/arm_controller/install/arm_controller/include/arm_controller/arm_controller/msg/rosidl_typesupport_fastrtps_c__visibility_control.h
[17.059s] -- Up-to-date: /home/allenabraham106/Desktop/Co-op1/arm-controller/src/arm_controller/install/arm_controller/include/arm_controller/arm_controller/msg/detail
[17.059s] -- Installing: /home/allenabraham106/Desktop/Co-op1/arm-controller/src/arm_controller/install/arm_controller/include/arm_controller/arm_controller/msg/detail/waypoint_command__rosidl_typesupport_fastrtps_c.h
[17.059s] -- Installing: /home/allenabraham106/Desktop/Co-op1/arm-controller/src/arm_controller/install/arm_controller/include/arm_controller/arm_controller/msg/detail/waypoint_status__rosidl_typesupport_fastrtps_c.h
[17.059s] -- Installing: /home/allenabraham106/Desktop/Co-op1/arm-controller/src/arm_controller/install/arm_controller/lib/libarm_controller__rosidl_typesupport_fastrtps_c.so
[17.059s] -- Set non-toolchain portion of runtime path of "/home/allenabraham106/Desktop/Co-op1/arm-controller/src/arm_controller/install/arm_controller/lib/libarm_controller__rosidl_typesupport_fastrtps_c.so" to ""
[17.059s] -- Up-to-date: /home/allenabraham106/Desktop/Co-op1/arm-controller/src/arm_controller/install/arm_controller/include/arm_controller/arm_controller
[17.059s] -- Up-to-date: /home/allenabraham106/Desktop/Co-op1/arm-controller/src/arm_controller/install/arm_controller/include/arm_controller/arm_controller/msg
[17.059s] -- Installing: /home/allenabraham106/Desktop/Co-op1/arm-controller/src/arm_controller/install/arm_controller/include/arm_controller/arm_controller/msg/waypoint_command.hpp
[17.059s] -- Installing: /home/allenabraham106/Desktop/Co-op1/arm-controller/src/arm_controller/install/arm_controller/include/arm_controller/arm_controller/msg/waypoint_status.hpp
[17.059s] -- Up-to-date: /home/allenabraham106/Desktop/Co-op1/arm-controller/src/arm_controller/install/arm_controller/include/arm_controller/arm_controller/msg/detail
[17.059s] -- Installing: /home/allenabraham106/Desktop/Co-op1/arm-controller/src/arm_controller/install/arm_controller/include/arm_controller/arm_controller/msg/detail/waypoint_command__builder.hpp
[17.060s] -- Installing: /home/allenabraham106/Desktop/Co-op1/arm-controller/src/arm_controller/install/arm_controller/include/arm_controller/arm_controller/msg/detail/waypoint_status__builder.hpp
[17.060s] -- Installing: /home/allenabraham106/Desktop/Co-op1/arm-controller/src/arm_controller/install/arm_controller/include/arm_controller/arm_controller/msg/detail/waypoint_command__struct.hpp
[17.060s] -- Installing: /home/allenabraham106/Desktop/Co-op1/arm-controller/src/arm_controller/install/arm_controller/include/arm_controller/arm_controller/msg/detail/waypoint_command__traits.hpp
[17.060s] -- Installing: /home/allenabraham106/Desktop/Co-op1/arm-controller/src/arm_controller/install/arm_controller/include/arm_controller/arm_controller/msg/detail/waypoint_command__type_support.hpp
[17.060s] -- Installing: /home/allenabraham106/Desktop/Co-op1/arm-controller/src/arm_controller/install/arm_controller/include/arm_controller/arm_controller/msg/detail/waypoint_status__type_support.hpp
[17.060s] -- Installing: /home/allenabraham106/Desktop/Co-op1/arm-controller/src/arm_controller/install/arm_controller/include/arm_controller/arm_controller/msg/detail/waypoint_status__traits.hpp
[17.060s] -- Installing: /home/allenabraham106/Desktop/Co-op1/arm-controller/src/arm_controller/install/arm_controller/include/arm_controller/arm_controller/msg/detail/waypoint_status__struct.hpp
[17.060s] -- Installing: /home/allenabraham106/Desktop/Co-op1/arm-controller/src/arm_controller/install/arm_controller/include/arm_controller/arm_controller/msg/rosidl_generator_cpp__visibility_control.hpp
[17.060s] -- Up-to-date: /home/allenabraham106/Desktop/Co-op1/arm-controller/src/arm_controller/install/arm_controller/include/arm_controller/arm_controller
[17.060s] -- Up-to-date: /home/allenabraham106/Desktop/Co-op1/arm-controller/src/arm_controller/install/arm_controller/include/arm_controller/arm_controller/msg
[17.060s] -- Up-to-date: /home/allenabraham106/Desktop/Co-op1/arm-controller/src/arm_controller/install/arm_controller/include/arm_controller/arm_controller/msg/detail
[17.060s] -- Installing: /home/allenabraham106/Desktop/Co-op1/arm-controller/src/arm_controller/install/arm_controller/include/arm_controller/arm_controller/msg/detail/waypoint_status__rosidl_typesupport_fastrtps_cpp.hpp
[17.060s] -- Up-to-date: /home/allenabraham106/Desktop/Co-op1/arm-controller/src/arm_controller/install/arm_controller/include/arm_controller/arm_controller/msg/detail/dds_fastrtps
[17.060s] -- Installing: /home/allenabraham106/Desktop/Co-op1/arm-controller/src/arm_controller/install/arm_controller/include/arm_controller/arm_controller/msg/detail/waypoint_command__rosidl_typesupport_fastrtps_cpp.hpp
[17.060s] -- Up-to-date: /home/allenabraham106/Desktop/Co-op1/arm-controller/src/arm_controller/install/arm_controller/include/arm_controller/arm_controller/msg/rosidl_typesupport_fastrtps_cpp__visibility_control.h
[17.060s] -- Installing: /home/allenabraham106/Desktop/Co-op1/arm-controller/src/arm_controller/install/arm_controller/lib/libarm_controller__rosidl_typesupport_fastrtps_cpp.so
[17.060s] -- Set non-toolchain portion of runtime path of "/home/allenabraham106/Desktop/Co-op1/arm-controller/src/arm_controller/install/arm_controller/lib/libarm_controller__rosidl_typesupport_fastrtps_cpp.so" to ""
[17.060s] -- Up-to-date: /home/allenabraham106/Desktop/Co-op1/arm-controller/src/arm_controller/install/arm_controller/include/arm_controller/arm_controller
[17.060s] -- Up-to-date: /home/allenabraham106/Desktop/Co-op1/arm-controller/src/arm_controller/install/arm_controller/include/arm_controller/arm_controller/msg
[17.061s] -- Up-to-date: /home/allenabraham106/Desktop/Co-op1/arm-controller/src/arm_controller/install/arm_controller/include/arm_controller/arm_controller/msg/rosidl_typesupport_introspection_c__visibility_control.h
[17.061s] -- Up-to-date: /home/allenabraham106/Desktop/Co-op1/arm-controller/src/arm_controller/install/arm_controller/include/arm_controller/arm_controller/msg/detail
[17.061s] -- Up-to-date: /home/allenabraham106/Desktop/Co-op1/arm-controller/src/arm_controller/install/arm_controller/include/arm_controller/arm_controller/msg/detail/waypoint_status__type_support.c
[17.061s] -- Up-to-date: /home/allenabraham106/Desktop/Co-op1/arm-controller/src/arm_controller/install/arm_controller/include/arm_controller/arm_controller/msg/detail/waypoint_command__type_support.c
[17.061s] -- Installing: /home/allenabraham106/Desktop/Co-op1/arm-controller/src/arm_controller/install/arm_controller/include/arm_controller/arm_controller/msg/detail/waypoint_command__rosidl_typesupport_introspection_c.h
[17.061s] -- Installing: /home/allenabraham106/Desktop/Co-op1/arm-controller/src/arm_controller/install/arm_controller/include/arm_controller/arm_controller/msg/detail/waypoint_status__rosidl_typesupport_introspection_c.h
[17.061s] -- Installing: /home/allenabraham106/Desktop/Co-op1/arm-controller/src/arm_controller/install/arm_controller/lib/libarm_controller__rosidl_typesupport_introspection_c.so
[17.061s] -- Set non-toolchain portion of runtime path of "/home/allenabraham106/Desktop/Co-op1/arm-controller/src/arm_controller/install/arm_controller/lib/libarm_controller__rosidl_typesupport_introspection_c.so" to ""
[17.061s] -- Installing: /home/allenabraham106/Desktop/Co-op1/arm-controller/src/arm_controller/install/arm_controller/lib/libarm_controller__rosidl_typesupport_c.so
[17.061s] -- Set non-toolchain portion of runtime path of "/home/allenabraham106/Desktop/Co-op1/arm-controller/src/arm_controller/install/arm_controller/lib/libarm_controller__rosidl_typesupport_c.so" to ""
[17.061s] -- Up-to-date: /home/allenabraham106/Desktop/Co-op1/arm-controller/src/arm_controller/install/arm_controller/include/arm_controller/arm_controller
[17.061s] -- Up-to-date: /home/allenabraham106/Desktop/Co-op1/arm-controller/src/arm_controller/install/arm_controller/include/arm_controller/arm_controller/msg
[17.061s] -- Up-to-date: /home/allenabraham106/Desktop/Co-op1/arm-controller/src/arm_controller/install/arm_controller/include/arm_controller/arm_controller/msg/detail
[17.061s] -- Installing: /home/allenabraham106/Desktop/Co-op1/arm-controller/src/arm_controller/install/arm_controller/include/arm_controller/arm_controller/msg/detail/waypoint_status__rosidl_typesupport_introspection_cpp.hpp
[17.062s] -- Installing: /home/allenabraham106/Desktop/Co-op1/arm-controller/src/arm_controller/install/arm_controller/include/arm_controller/arm_controller/msg/detail/waypoint_command__type_support.cpp
[17.062s] -- Installing: /home/allenabraham106/Desktop/Co-op1/arm-controller/src/arm_controller/install/arm_controller/include/arm_controller/arm_controller/msg/detail/waypoint_status__type_support.cpp
[17.062s] -- Installing: /home/allenabraham106/Desktop/Co-op1/arm-controller/src/arm_controller/install/arm_controller/include/arm_controller/arm_controller/msg/detail/waypoint_command__rosidl_typesupport_introspection_cpp.hpp
[17.062s] -- Installing: /home/allenabraham106/Desktop/Co-op1/arm-controller/src/arm_controller/install/arm_controller/lib/libarm_controller__rosidl_typesupport_introspection_cpp.so
[17.062s] -- Set non-toolchain portion of runtime path of "/home/allenabraham106/Desktop/Co-op1/arm-controller/src/arm_controller/install/arm_controller/lib/libarm_controller__rosidl_typesupport_introspection_cpp.so" to ""
[17.062s] -- Installing: /home/allenabraham106/Desktop/Co-op1/arm-controller/src/arm_controller/install/arm_controller/lib/libarm_controller__rosidl_typesupport_cpp.so
[17.064s] -- Set non-toolchain portion of runtime path of "/home/allenabraham106/Desktop/Co-op1/arm-controller/src/arm_controller/install/arm_controller/lib/libarm_controller__rosidl_typesupport_cpp.so" to ""
[17.064s] -- Up-to-date: /home/allenabraham106/Desktop/Co-op1/arm-controller/src/arm_controller/install/arm_controller/share/arm_controller/environment/pythonpath.sh
[17.064s] -- Up-to-date: /home/allenabraham106/Desktop/Co-op1/arm-controller/src/arm_controller/install/arm_controller/share/arm_controller/environment/pythonpath.dsv
[17.064s] -- Up-to-date: /home/allenabraham106/Desktop/Co-op1/arm-controller/src/arm_controller/install/arm_controller/lib/python3.12/site-packages/arm_controller-0.0.0-py3.12.egg-info
[17.064s] -- Installing: /home/allenabraham106/Desktop/Co-op1/arm-controller/src/arm_controller/install/arm_controller/lib/python3.12/site-packages/arm_controller-0.0.0-py3.12.egg-info/PKG-INFO
[17.064s] -- Installing: /home/allenabraham106/Desktop/Co-op1/arm-controller/src/arm_controller/install/arm_controller/lib/python3.12/site-packages/arm_controller-0.0.0-py3.12.egg-info/dependency_links.txt
[17.064s] -- Installing: /home/allenabraham106/Desktop/Co-op1/arm-controller/src/arm_controller/install/arm_controller/lib/python3.12/site-packages/arm_controller-0.0.0-py3.12.egg-info/SOURCES.txt
[17.064s] -- Installing: /home/allenabraham106/Desktop/Co-op1/arm-controller/src/arm_controller/install/arm_controller/lib/python3.12/site-packages/arm_controller-0.0.0-py3.12.egg-info/top_level.txt
[17.064s] -- Up-to-date: /home/allenabraham106/Desktop/Co-op1/arm-controller/src/arm_controller/install/arm_controller/lib/python3.12/site-packages/arm_controller
[17.064s] -- Installing: /home/allenabraham106/Desktop/Co-op1/arm-controller/src/arm_controller/install/arm_controller/lib/python3.12/site-packages/arm_controller/_arm_controller_s.ep.rosidl_typesupport_fastrtps_c.c
[17.064s] -- Installing: /home/allenabraham106/Desktop/Co-op1/arm-controller/src/arm_controller/install/arm_controller/lib/python3.12/site-packages/arm_controller/arm_controller_s__rosidl_typesupport_introspection_c.so
[17.064s] -- Installing: /home/allenabraham106/Desktop/Co-op1/arm-controller/src/arm_controller/install/arm_controller/lib/python3.12/site-packages/arm_controller/_arm_controller_s.ep.rosidl_typesupport_c.c
[17.064s] -- Installing: /home/allenabraham106/Desktop/Co-op1/arm-controller/src/arm_controller/install/arm_controller/lib/python3.12/site-packages/arm_controller/__init__.py
[17.064s] -- Installing: /home/allenabraham106/Desktop/Co-op1/arm-controller/src/arm_controller/install/arm_controller/lib/python3.12/site-packages/arm_controller/arm_controller_s__rosidl_typesupport_c.so
[17.064s] -- Installing: /home/allenabraham106/Desktop/Co-op1/arm-controller/src/arm_controller/install/arm_controller/lib/python3.12/site-packages/arm_controller/arm_controller_s__rosidl_typesupport_fastrtps_c.so
[17.064s] -- Up-to-date: /home/allenabraham106/Desktop/Co-op1/arm-controller/src/arm_controller/install/arm_controller/lib/python3.12/site-packages/arm_controller/msg
[17.064s] -- Installing: /home/allenabraham106/Desktop/Co-op1/arm-controller/src/arm_controller/install/arm_controller/lib/python3.12/site-packages/arm_controller/msg/__init__.py
[17.064s] -- Installing: /home/allenabraham106/Desktop/Co-op1/arm-controller/src/arm_controller/install/arm_controller/lib/python3.12/site-packages/arm_controller/msg/_waypoint_status_s.c
[17.064s] -- Installing: /home/allenabraham106/Desktop/Co-op1/arm-controller/src/arm_controller/install/arm_controller/lib/python3.12/site-packages/arm_controller/msg/_waypoint_status.py
[17.065s] -- Installing: /home/allenabraham106/Desktop/Co-op1/arm-controller/src/arm_controller/install/arm_controller/lib/python3.12/site-packages/arm_controller/msg/_waypoint_command_s.c
[17.065s] -- Installing: /home/allenabraham106/Desktop/Co-op1/arm-controller/src/arm_controller/install/arm_controller/lib/python3.12/site-packages/arm_controller/msg/_waypoint_command.py
[17.065s] -- Installing: /home/allenabraham106/Desktop/Co-op1/arm-controller/src/arm_controller/install/arm_controller/lib/python3.12/site-packages/arm_controller/_arm_controller_s.ep.rosidl_typesupport_introspection_c.c
[17.086s] Listing '/home/allenabraham106/Desktop/Co-op1/arm-controller/src/arm_controller/install/arm_controller/lib/python3.12/site-packages/arm_controller'...
[17.086s] Compiling '/home/allenabraham106/Desktop/Co-op1/arm-controller/src/arm_controller/install/arm_controller/lib/python3.12/site-packages/arm_controller/__init__.py'...
[17.086s] Listing '/home/allenabraham106/Desktop/Co-op1/arm-controller/src/arm_controller/install/arm_controller/lib/python3.12/site-packages/arm_controller/msg'...
[17.086s] Compiling '/home/allenabraham106/Desktop/Co-op1/arm-controller/src/arm_controller/install/arm_controller/lib/python3.12/site-packages/arm_controller/msg/__init__.py'...
[17.086s] Compiling '/home/allenabraham106/Desktop/Co-op1/arm-controller/src/arm_controller/install/arm_controller/lib/python3.12/site-packages/arm_controller/msg/_waypoint_command.py'...
[17.086s] Compiling '/home/allenabraham106/Desktop/Co-op1/arm-controller/src/arm_controller/install/arm_controller/lib/python3.12/site-packages/arm_controller/msg/_waypoint_status.py'...
[17.090s] -- Installing: /home/allenabraham106/Desktop/Co-op1/arm-controller/src/arm_controller/install/arm_controller/lib/python3.12/site-packages/arm_controller/arm_controller_s__rosidl_typesupport_fastrtps_c.so
[17.090s] -- Set non-toolchain portion of runtime path of "/home/allenabraham106/Desktop/Co-op1/arm-controller/src/arm_controller/install/arm_controller/lib/python3.12/site-packages/arm_controller/arm_controller_s__rosidl_typesupport_fastrtps_c.so" to ""
[17.090s] -- Installing: /home/allenabraham106/Desktop/Co-op1/arm-controller/src/arm_controller/install/arm_controller/lib/python3.12/site-packages/arm_controller/arm_controller_s__rosidl_typesupport_introspection_c.so
[17.090s] -- Set non-toolchain portion of runtime path of "/home/allenabraham106/Desktop/Co-op1/arm-controller/src/arm_controller/install/arm_controller/lib/python3.12/site-packages/arm_controller/arm_controller_s__rosidl_typesupport_introspection_c.so" to ""
[17.090s] -- Installing: /home/allenabraham106/Desktop/Co-op1/arm-controller/src/arm_controller/install/arm_controller/lib/python3.12/site-packages/arm_controller/arm_controller_s__rosidl_typesupport_c.so
[17.090s] -- Set non-toolchain portion of runtime path of "/home/allenabraham106/Desktop/Co-op1/arm-controller/src/arm_controller/install/arm_controller/lib/python3.12/site-packages/arm_controller/arm_controller_s__rosidl_typesupport_c.so" to ""
[17.090s] -- Installing: /home/allenabraham106/Desktop/Co-op1/arm-controller/src/arm_controller/install/arm_controller/lib/libarm_controller__rosidl_generator_py.so
[17.091s] -- Set non-toolchain portion of runtime path of "/home/allenabraham106/Desktop/Co-op1/arm-controller/src/arm_controller/install/arm_controller/lib/libarm_controller__rosidl_generator_py.so" to ""
[17.091s] -- Up-to-date: /home/allenabraham106/Desktop/Co-op1/arm-controller/src/arm_controller/install/arm_controller/share/ament_index/resource_index/rust_packages/arm_controller
[17.091s] -- Up-to-date: /home/allenabraham106/Desktop/Co-op1/arm-controller/src/arm_controller/install/arm_controller/share/arm_controller/rust
[17.091s] -- Up-to-date: /home/allenabraham106/Desktop/Co-op1/arm-controller/src/arm_controller/install/arm_controller/share/arm_controller/rust/src
[17.091s] -- Installing: /home/allenabraham106/Desktop/Co-op1/arm-controller/src/arm_controller/install/arm_controller/share/arm_controller/rust/src/lib.rs
[17.091s] -- Installing: /home/allenabraham106/Desktop/Co-op1/arm-controller/src/arm_controller/install/arm_controller/share/arm_controller/rust/src/msg.rs
[17.092s] -- Up-to-date: /home/allenabraham106/Desktop/Co-op1/arm-controller/src/arm_controller/install/arm_controller/share/arm_controller/rust/src/msg
[17.092s] -- Installing: /home/allenabraham106/Desktop/Co-op1/arm-controller/src/arm_controller/install/arm_controller/share/arm_controller/rust/src/msg/rmw.rs
[17.092s] -- Installing: /home/allenabraham106/Desktop/Co-op1/arm-controller/src/arm_controller/install/arm_controller/share/arm_controller/rust/build.rs
[17.092s] -- Installing: /home/allenabraham106/Desktop/Co-op1/arm-controller/src/arm_controller/install/arm_controller/share/arm_controller/rust/Cargo.toml
[17.092s] -- Up-to-date: /home/allenabraham106/Desktop/Co-op1/arm-controller/src/arm_controller/install/arm_controller/share/arm_controller/msg/WaypointCommand.idl
[17.092s] -- Installing: /home/allenabraham106/Desktop/Co-op1/arm-controller/src/arm_controller/install/arm_controller/share/arm_controller/msg/WaypointStatus.idl
[17.092s] -- Up-to-date: /home/allenabraham106/Desktop/Co-op1/arm-controller/src/arm_controller/install/arm_controller/share/arm_controller/msg/WaypointCommand.msg
[17.092s] -- Installing: /home/allenabraham106/Desktop/Co-op1/arm-controller/src/arm_controller/install/arm_controller/share/arm_controller/msg/WaypointStatus.msg
[17.092s] -- Installing: /home/allenabraham106/Desktop/Co-op1/arm-controller/src/arm_controller/install/arm_controller/lib/arm_controller/libarm_controller_lib.so
[17.110s] -- Set non-toolchain portion of runtime path of "/home/allenabraham106/Desktop/Co-op1/arm-controller/src/arm_controller/install/arm_controller/lib/arm_controller/libarm_controller_lib.so" to ""
[17.110s] -- Installing: /home/allenabraham106/Desktop/Co-op1/arm-controller/src/arm_controller/install/arm_controller/lib/arm_controller/arm_lifecycle_node
[17.110s] -- Set non-toolchain portion of runtime path of "/home/allenabraham106/Desktop/Co-op1/arm-controller/src/arm_controller/install/arm_controller/lib/arm_controller/arm_lifecycle_node" to ""
[17.110s] -- Installing: /home/allenabraham106/Desktop/Co-op1/arm-controller/src/arm_controller/install/arm_controller/lib/arm_controller/terminal_controller
[17.112s] -- Set non-toolchain portion of runtime path of "/home/allenabraham106/Desktop/Co-op1/arm-controller/src/arm_controller/install/arm_controller/lib/arm_controller/terminal_controller" to ""
[17.112s] -- Up-to-date: /home/allenabraham106/Desktop/Co-op1/arm-controller/src/arm_controller/install/arm_controller/include
[17.112s] -- Up-to-date: /home/allenabraham106/Desktop/Co-op1/arm-controller/src/arm_controller/install/arm_controller/include/arm_controller
[17.112s] -- Installing: /home/allenabraham106/Desktop/Co-op1/arm-controller/src/arm_controller/install/arm_controller/include/arm_controller/arm_controller.hpp
[17.112s] -- Up-to-date: /home/allenabraham106/Desktop/Co-op1/arm-controller/src/arm_controller/install/arm_controller/share/arm_controller/launch
[17.112s] -- Up-to-date: /home/allenabraham106/Desktop/Co-op1/arm-controller/src/arm_controller/install/arm_controller/share/arm_controller/launch/arm_lifecycle.launch.py
[17.112s] -- Up-to-date: /home/allenabraham106/Desktop/Co-op1/arm-controller/src/arm_controller/install/arm_controller/share/ament_index/resource_index/package_run_dependencies/arm_controller
[17.112s] -- Up-to-date: /home/allenabraham106/Desktop/Co-op1/arm-controller/src/arm_controller/install/arm_controller/share/ament_index/resource_index/parent_prefix_path/arm_controller
[17.112s] -- Up-to-date: /home/allenabraham106/Desktop/Co-op1/arm-controller/src/arm_controller/install/arm_controller/share/arm_controller/environment/ament_prefix_path.sh
[17.113s] -- Up-to-date: /home/allenabraham106/Desktop/Co-op1/arm-controller/src/arm_controller/install/arm_controller/share/arm_controller/environment/ament_prefix_path.dsv
[17.113s] -- Up-to-date: /home/allenabraham106/Desktop/Co-op1/arm-controller/src/arm_controller/install/arm_controller/share/arm_controller/environment/path.sh
[17.113s] -- Up-to-date: /home/allenabraham106/Desktop/Co-op1/arm-controller/src/arm_controller/install/arm_controller/share/arm_controller/environment/path.dsv
[17.113s] -- Up-to-date: /home/allenabraham106/Desktop/Co-op1/arm-controller/src/arm_controller/install/arm_controller/share/arm_controller/local_setup.bash
[17.113s] -- Up-to-date: /home/allenabraham106/Desktop/Co-op1/arm-controller/src/arm_controller/install/arm_controller/share/arm_controller/local_setup.sh
[17.113s] -- Up-to-date: /home/allenabraham106/Desktop/Co-op1/arm-controller/src/arm_controller/install/arm_controller/share/arm_controller/local_setup.zsh
[17.113s] -- Up-to-date: /home/allenabraham106/Desktop/Co-op1/arm-controller/src/arm_controller/install/arm_controller/share/arm_controller/local_setup.dsv
[17.113s] -- Installing: /home/allenabraham106/Desktop/Co-op1/arm-controller/src/arm_controller/install/arm_controller/share/arm_controller/package.dsv
[17.113s] -- Up-to-date: /home/allenabraham106/Desktop/Co-op1/arm-controller/src/arm_controller/install/arm_controller/share/ament_index/resource_index/packages/arm_controller
[17.113s] -- Up-to-date: /home/allenabraham106/Desktop/Co-op1/arm-controller/src/arm_controller/install/arm_controller/share/arm_controller/cmake/export_arm_controller__rosidl_generator_cExport.cmake
[17.113s] -- Up-to-date: /home/allenabraham106/Desktop/Co-op1/arm-controller/src/arm_controller/install/arm_controller/share/arm_controller/cmake/export_arm_controller__rosidl_generator_cExport-noconfig.cmake
[17.113s] -- Up-to-date: /home/allenabraham106/Desktop/Co-op1/arm-controller/src/arm_controller/install/arm_controller/share/arm_controller/cmake/export_arm_controller__rosidl_typesupport_fastrtps_cExport.cmake
[17.113s] -- Up-to-date: /home/allenabraham106/Desktop/Co-op1/arm-controller/src/arm_controller/install/arm_controller/share/arm_controller/cmake/export_arm_controller__rosidl_typesupport_fastrtps_cExport-noconfig.cmake
[17.113s] -- Up-to-date: /home/allenabraham106/Desktop/Co-op1/arm-controller/src/arm_controller/install/arm_controller/share/arm_controller/cmake/export_arm_controller__rosidl_generator_cppExport.cmake
[17.113s] -- Up-to-date: /home/allenabraham106/Desktop/Co-op1/arm-controller/src/arm_controller/install/arm_controller/share/arm_controller/cmake/export_arm_controller__rosidl_typesupport_fastrtps_cppExport.cmake
[17.114s] -- Up-to-date: /home/allenabraham106/Desktop/Co-op1/arm-controller/src/arm_controller/install/arm_controller/share/arm_controller/cmake/export_arm_controller__rosidl_typesupport_fastrtps_cppExport-noconfig.cmake
[17.114s] -- Up-to-date: /home/allenabraham106/Desktop/Co-op1/arm-controller/src/arm_controller/install/arm_controller/share/arm_controller/cmake/arm_controller__rosidl_typesupport_introspection_cExport.cmake
[17.114s] -- Up-to-date: /home/allenabraham106/Desktop/Co-op1/arm-controller/src/arm_controller/install/arm_controller/share/arm_controller/cmake/arm_controller__rosidl_typesupport_introspection_cExport-noconfig.cmake
[17.114s] -- Up-to-date: /home/allenabraham106/Desktop/Co-op1/arm-controller/src/arm_controller/install/arm_controller/share/arm_controller/cmake/arm_controller__rosidl_typesupport_cExport.cmake
[17.114s] -- Up-to-date: /home/allenabraham106/Desktop/Co-op1/arm-controller/src/arm_controller/install/arm_controller/share/arm_controller/cmake/arm_controller__rosidl_typesupport_cExport-noconfig.cmake
[17.114s] -- Up-to-date: /home/allenabraham106/Desktop/Co-op1/arm-controller/src/arm_controller/install/arm_controller/share/arm_controller/cmake/arm_controller__rosidl_typesupport_introspection_cppExport.cmake
[17.114s] -- Up-to-date: /home/allenabraham106/Desktop/Co-op1/arm-controller/src/arm_controller/install/arm_controller/share/arm_controller/cmake/arm_controller__rosidl_typesupport_introspection_cppExport-noconfig.cmake
[17.114s] -- Up-to-date: /home/allenabraham106/Desktop/Co-op1/arm-controller/src/arm_controller/install/arm_controller/share/arm_controller/cmake/arm_controller__rosidl_typesupport_cppExport.cmake
[17.114s] -- Up-to-date: /home/allenabraham106/Desktop/Co-op1/arm-controller/src/arm_controller/install/arm_controller/share/arm_controller/cmake/arm_controller__rosidl_typesupport_cppExport-noconfig.cmake
[17.114s] -- Up-to-date: /home/allenabraham106/Desktop/Co-op1/arm-controller/src/arm_controller/install/arm_controller/share/arm_controller/cmake/export_arm_controller__rosidl_generator_pyExport.cmake
[17.114s] -- Up-to-date: /home/allenabraham106/Desktop/Co-op1/arm-controller/src/arm_controller/install/arm_controller/share/arm_controller/cmake/export_arm_controller__rosidl_generator_pyExport-noconfig.cmake
[17.114s] -- Installing: /home/allenabraham106/Desktop/Co-op1/arm-controller/src/arm_controller/install/arm_controller/share/arm_controller/cmake/rosidl_cmake-extras.cmake
[17.114s] -- Installing: /home/allenabraham106/Desktop/Co-op1/arm-controller/src/arm_controller/install/arm_controller/share/arm_controller/cmake/ament_cmake_export_dependencies-extras.cmake
[17.114s] -- Up-to-date: /home/allenabraham106/Desktop/Co-op1/arm-controller/src/arm_controller/install/arm_controller/share/arm_controller/cmake/ament_cmake_export_include_directories-extras.cmake
[17.114s] -- Up-to-date: /home/allenabraham106/Desktop/Co-op1/arm-controller/src/arm_controller/install/arm_controller/share/arm_controller/cmake/ament_cmake_export_libraries-extras.cmake
[17.114s] -- Up-to-date: /home/allenabraham106/Desktop/Co-op1/arm-controller/src/arm_controller/install/arm_controller/share/arm_controller/cmake/ament_cmake_export_targets-extras.cmake
[17.114s] -- Up-to-date: /home/allenabraham106/Desktop/Co-op1/arm-controller/src/arm_controller/install/arm_controller/share/arm_controller/cmake/rosidl_cmake_export_typesupport_targets-extras.cmake
[17.114s] -- Up-to-date: /home/allenabraham106/Desktop/Co-op1/arm-controller/src/arm_controller/install/arm_controller/share/arm_controller/cmake/rosidl_cmake_export_typesupport_libraries-extras.cmake
[17.114s] -- Up-to-date: /home/allenabraham106/Desktop/Co-op1/arm-controller/src/arm_controller/install/arm_controller/share/arm_controller/cmake/arm_controllerConfig.cmake
[17.114s] -- Up-to-date: /home/allenabraham106/Desktop/Co-op1/arm-controller/src/arm_controller/install/arm_controller/share/arm_controller/cmake/arm_controllerConfig-version.cmake
[17.114s] -- Up-to-date: /home/allenabraham106/Desktop/Co-op1/arm-controller/src/arm_controller/install/arm_controller/share/arm_controller/package.xml
[17.115s] Invoked command in '/home/allenabraham106/Desktop/Co-op1/arm-controller/src/arm_controller/build/arm_controller' returned '0': CMAKE_PREFIX_PATH=${CMAKE_PREFIX_PATH}:/opt/ros/jazzy DEBUGINFOD_URLS=https://debuginfod.ubuntu.com /usr/bin/cmake --install /home/allenabraham106/Desktop/Co-op1/arm-controller/src/arm_controller/build/arm_controller
