[0.008s] Invoking command in '/home/allenabraham106/Desktop/Co-op1/arm-controller/src/arm_controller/build/arm_controller': CMAKE_PREFIX_PATH=${CMAKE_PREFIX_PATH}:/opt/ros/jazzy DEBUGINFOD_URLS=https://debuginfod.ubuntu.com /usr/bin/cmake --build /home/allenabraham106/Desktop/Co-op1/arm-controller/src/arm_controller/build/arm_controller -- -j4 -l4
[0.062s] [  2%] Built target arm_controller__rosidl_generator_type_description
[0.062s] [  4%] Built target arm_controller__rs
[0.066s] [  4%] Built target ament_cmake_python_copy_arm_controller
[0.072s] [  7%] Built target arm_controller__cpp
[0.075s] [ 19%] Built target arm_controller__rosidl_generator_c
[0.088s] [ 34%] Built target arm_controller__rosidl_typesupport_fastrtps_c
[0.088s] [ 34%] Built target arm_controller__rosidl_typesupport_fastrtps_cpp
[0.088s] [ 41%] Built target arm_controller__rosidl_typesupport_introspection_c
[0.099s] [ 48%] Built target arm_controller__rosidl_typesupport_c
[0.103s] [ 56%] Built target arm_controller__rosidl_typesupport_cpp
[0.103s] [ 63%] Built target arm_controller__rosidl_typesupport_introspection_cpp
[0.117s] [ 63%] Built target arm_controller
[0.127s] [ 65%] Built target arm_controller__py
[0.128s] [ 68%] [32mBuilding CXX object CMakeFiles/arm_controller_lib.dir/src/arm_controller.cpp.o[0m
[0.142s] [ 73%] Built target arm_controller__rosidl_generator_py
[0.153s] [ 78%] Built target arm_controller_s__rosidl_typesupport_introspection_c
[0.156s] [ 82%] Built target arm_controller_s__rosidl_typesupport_fastrtps_c
[0.162s] [ 87%] Built target arm_controller_s__rosidl_typesupport_c
[0.199s] running egg_info
[0.210s] writing arm_controller.egg-info/PKG-INFO
[0.210s] writing dependency_links to arm_controller.egg-info/dependency_links.txt
[0.210s] writing top-level names to arm_controller.egg-info/top_level.txt
[0.243s] reading manifest file 'arm_controller.egg-info/SOURCES.txt'
[0.243s] writing manifest file 'arm_controller.egg-info/SOURCES.txt'
[0.259s] [ 87%] Built target ament_cmake_python_build_arm_controller_egg
[1.566s] In file included from [01m[K/home/allenabraham106/Desktop/Co-op1/arm-controller/src/arm_controller/include/arm_controller/arm_controller.hpp:5[m[K,
[1.566s]                  from [01m[K/home/allenabraham106/Desktop/Co-op1/arm-controller/src/arm_controller/src/arm_controller.cpp:1[m[K:
[1.566s] [01m[K/opt/ros/jazzy/include/moveit_ros_planning_interface/moveit/move_group_interface/move_group_interface.h:51:77:[m[K [01;36m[Knote: [m[K‘[01m[K#pragma message: .h header is obsolete. Please use the .hpp header instead.[m[K’
[1.566s]    51 | #pragma message(".h header is obsolete. Please use the .hpp header instead."[01;36m[K)[m[K
[1.566s]       |                                                                             [01;36m[K^[m[K
[2.765s] [01m[K/home/allenabraham106/Desktop/Co-op1/arm-controller/src/arm_controller/src/arm_controller.cpp:[m[K In member function ‘[01m[Kbool ArmController::[01;32m[KexecuteWaypoints[m[K()[m[K’:
[2.765s] [01m[K/home/allenabraham106/Desktop/Co-op1/arm-controller/src/arm_controller/src/arm_controller.cpp:143:56:[m[K [01;35m[Kwarning: [m[K‘[01m[Kdouble moveit::planning_interface::MoveGroupInterface::[01;32m[KcomputeCartesianPath[m[K(const std::vector<geometry_msgs::msg::Pose_<std::allocator<void> > >&, double, double, moveit_msgs::msg::RobotTrajectory&, bool, moveit_msgs::msg::MoveItErrorCodes*)[m[K’ is deprecated: Drop jump_threshold [[01;35m[K]8;;https://gcc.gnu.org/onlinedocs/gcc/Warning-Options.html#index-Wdeprecated-declarations-Wdeprecated-declarations]8;;[m[K]
[2.765s]   143 |     double fraction = [01;35m[Kmove_group_->computeCartesianPath([m[K
[2.765s]       |                       [01;35m[K~~~~~~~~~~~~~~~~~~~~~~~~~~~~~~~~~^[m[K
[2.765s]   144 | [01;35m[K        waypoints_,[m[K
[2.765s]       |         [01;35m[K~~~~~~~~~~~[m[K                                     
[2.765s]   145 | [01;35m[K        0.01,[m[K
[2.765s]       |         [01;35m[K~~~~~[m[K                                           
[2.765s]   146 | [01;35m[K        0.0,[m[K
[2.765s]       |         [01;35m[K~~~~[m[K                                            
[2.765s]   147 | [01;35m[K        trajectory,[m[K
[2.765s]       |         [01;35m[K~~~~~~~~~~~[m[K                                     
[2.765s]   148 | [01;35m[K        true,[m[K
[2.765s]       |         [01;35m[K~~~~~[m[K                                           
[2.765s]   149 | [01;35m[K        &error_code[m[K
[2.765s]       |         [01;35m[K~~~~~~~~~~~[m[K                                     
[2.765s]   150 | [01;35m[K    )[m[K;
[2.765s]       |     [01;35m[K~[m[K                                                   
[2.765s] In file included from [01m[K/opt/ros/jazzy/include/moveit_ros_planning_interface/moveit/move_group_interface/move_group_interface.h:52[m[K:
[2.765s] [01m[K/opt/ros/jazzy/include/moveit_ros_planning_interface/moveit/move_group_interface/move_group_interface.hpp:765:3:[m[K [01;36m[Knote: [m[Kdeclared here
[2.765s]   765 |   [01;36m[KcomputeCartesianPath[m[K(const std::vector<geometry_msgs::msg::Pose>& waypoints, double eef_step,
[2.765s]       |   [01;36m[K^~~~~~~~~~~~~~~~~~~~[m[K
[11.543s] [ 90%] [32m[1mLinking CXX shared library libarm_controller_lib.so[0m
[12.013s] [ 90%] Built target arm_controller_lib
[12.033s] [ 92%] [32mBuilding CXX object CMakeFiles/terminal_controller.dir/src/terminal_controller.cpp.o[0m
[12.036s] [ 95%] [32mBuilding CXX object CMakeFiles/arm_lifecycle_node.dir/src/arm_lifecycle_node.cpp.o[0m
[13.425s] In file included from [01m[K/home/allenabraham106/Desktop/Co-op1/arm-controller/src/arm_controller/include/arm_controller/arm_controller.hpp:5[m[K,
[13.425s]                  from [01m[K/home/allenabraham106/Desktop/Co-op1/arm-controller/src/arm_controller/src/arm_lifecycle_node.cpp:5[m[K:
[13.425s] [01m[K/opt/ros/jazzy/include/moveit_ros_planning_interface/moveit/move_group_interface/move_group_interface.h:51:77:[m[K [01;36m[Knote: [m[K‘[01m[K#pragma message: .h header is obsolete. Please use the .hpp header instead.[m[K’
[13.425s]    51 | #pragma message(".h header is obsolete. Please use the .hpp header instead."[01;36m[K)[m[K
[13.425s]       |                                                                             [01;36m[K^[m[K
[14.317s] [ 97%] [32m[1mLinking CXX executable terminal_controller[0m
[15.255s] [ 97%] Built target terminal_controller
[16.239s] [100%] [32m[1mLinking CXX executable arm_lifecycle_node[0m
[16.624s] [100%] Built target arm_lifecycle_node
[16.637s] Invoked command in '/home/allenabraham106/Desktop/Co-op1/arm-controller/src/arm_controller/build/arm_controller' returned '0': CMAKE_PREFIX_PATH=${CMAKE_PREFIX_PATH}:/opt/ros/jazzy DEBUGINFOD_URLS=https://debuginfod.ubuntu.com /usr/bin/cmake --build /home/allenabraham106/Desktop/Co-op1/arm-controller/src/arm_controller/build/arm_controller -- -j4 -l4
[16.645s] Invoking command in '/home/allenabraham106/Desktop/Co-op1/arm-controller/src/arm_controller/build/arm_controller': CMAKE_PREFIX_PATH=${CMAKE_PREFIX_PATH}:/opt/ros/jazzy DEBUGINFOD_URLS=https://debuginfod.ubuntu.com /usr/bin/cmake --install /home/allenabraham106/Desktop/Co-op1/arm-controller/src/arm_controller/build/arm_controller
[16.650s] -- Install configuration: ""
[16.650s] -- Up-to-date: /home/allenabraham106/Desktop/Co-op1/arm-controller/src/arm_controller/install/arm_controller/share/ament_index/resource_index/rosidl_interfaces/arm_controller
[16.650s] -- Up-to-date: /home/allenabraham106/Desktop/Co-op1/arm-controller/src/arm_controller/install/arm_controller/share/arm_controller/msg/WaypointCommand.json
[16.650s] -- Up-to-date: /home/allenabraham106/Desktop/Co-op1/arm-controller/src/arm_controller/install/arm_controller/include/arm_controller/arm_controller
[16.650s] -- Up-to-date: /home/allenabraham106/Desktop/Co-op1/arm-controller/src/arm_controller/install/arm_controller/include/arm_controller/arm_controller/msg
[16.650s] -- Up-to-date: /home/allenabraham106/Desktop/Co-op1/arm-controller/src/arm_controller/install/arm_controller/include/arm_controller/arm_controller/msg/rosidl_generator_c__visibility_control.h
[16.650s] -- Up-to-date: /home/allenabraham106/Desktop/Co-op1/arm-controller/src/arm_controller/install/arm_controller/include/arm_controller/arm_controller/msg/waypoint_command.h
[16.651s] -- Up-to-date: /home/allenabraham106/Desktop/Co-op1/arm-controller/src/arm_controller/install/arm_controller/include/arm_controller/arm_controller/msg/detail
[16.651s] -- Up-to-date: /home/allenabraham106/Desktop/Co-op1/arm-controller/src/arm_controller/install/arm_controller/include/arm_controller/arm_controller/msg/detail/waypoint_command__type_support.c
[16.651s] -- Up-to-date: /home/allenabraham106/Desktop/Co-op1/arm-controller/src/arm_controller/install/arm_controller/include/arm_controller/arm_controller/msg/detail/waypoint_command__description.c
[16.651s] -- Up-to-date: /home/allenabraham106/Desktop/Co-op1/arm-controller/src/arm_controller/install/arm_controller/include/arm_controller/arm_controller/msg/detail/waypoint_command__struct.h
[16.651s] -- Up-to-date: /home/allenabraham106/Desktop/Co-op1/arm-controller/src/arm_controller/install/arm_controller/include/arm_controller/arm_controller/msg/detail/waypoint_command__functions.h
[16.651s] -- Up-to-date: /home/allenabraham106/Desktop/Co-op1/arm-controller/src/arm_controller/install/arm_controller/include/arm_controller/arm_controller/msg/detail/waypoint_command__type_support.h
[16.651s] -- Up-to-date: /home/allenabraham106/Desktop/Co-op1/arm-controller/src/arm_controller/install/arm_controller/include/arm_controller/arm_controller/msg/detail/waypoint_command__functions.c
[16.651s] -- Up-to-date: /home/allenabraham106/Desktop/Co-op1/arm-controller/src/arm_controller/install/arm_controller/share/arm_controller/environment/library_path.sh
[16.651s] -- Up-to-date: /home/allenabraham106/Desktop/Co-op1/arm-controller/src/arm_controller/install/arm_controller/share/arm_controller/environment/library_path.dsv
[16.651s] -- Up-to-date: /home/allenabraham106/Desktop/Co-op1/arm-controller/src/arm_controller/install/arm_controller/lib/libarm_controller__rosidl_generator_c.so
[16.651s] -- Up-to-date: /home/allenabraham106/Desktop/Co-op1/arm-controller/src/arm_controller/install/arm_controller/include/arm_controller/arm_controller
[16.651s] -- Up-to-date: /home/allenabraham106/Desktop/Co-op1/arm-controller/src/arm_controller/install/arm_controller/include/arm_controller/arm_controller/msg
[16.651s] -- Up-to-date: /home/allenabraham106/Desktop/Co-op1/arm-controller/src/arm_controller/install/arm_controller/include/arm_controller/arm_controller/msg/rosidl_typesupport_fastrtps_c__visibility_control.h
[16.651s] -- Up-to-date: /home/allenabraham106/Desktop/Co-op1/arm-controller/src/arm_controller/install/arm_controller/include/arm_controller/arm_controller/msg/detail
[16.651s] -- Up-to-date: /home/allenabraham106/Desktop/Co-op1/arm-controller/src/arm_controller/install/arm_controller/include/arm_controller/arm_controller/msg/detail/waypoint_command__rosidl_typesupport_fastrtps_c.h
[16.651s] -- Up-to-date: /home/allenabraham106/Desktop/Co-op1/arm-controller/src/arm_controller/install/arm_controller/lib/libarm_controller__rosidl_typesupport_fastrtps_c.so
[16.652s] -- Up-to-date: /home/allenabraham106/Desktop/Co-op1/arm-controller/src/arm_controller/install/arm_controller/include/arm_controller/arm_controller
[16.652s] -- Up-to-date: /home/allenabraham106/Desktop/Co-op1/arm-controller/src/arm_controller/install/arm_controller/include/arm_controller/arm_controller/msg
[16.652s] -- Up-to-date: /home/allenabraham106/Desktop/Co-op1/arm-controller/src/arm_controller/install/arm_controller/include/arm_controller/arm_controller/msg/waypoint_command.hpp
[16.652s] -- Up-to-date: /home/allenabraham106/Desktop/Co-op1/arm-controller/src/arm_controller/install/arm_controller/include/arm_controller/arm_controller/msg/detail
[16.652s] -- Up-to-date: /home/allenabraham106/Desktop/Co-op1/arm-controller/src/arm_controller/install/arm_controller/include/arm_controller/arm_controller/msg/detail/waypoint_command__builder.hpp
[16.652s] -- Up-to-date: /home/allenabraham106/Desktop/Co-op1/arm-controller/src/arm_controller/install/arm_controller/include/arm_controller/arm_controller/msg/detail/waypoint_command__struct.hpp
[16.652s] -- Up-to-date: /home/allenabraham106/Desktop/Co-op1/arm-controller/src/arm_controller/install/arm_controller/include/arm_controller/arm_controller/msg/detail/waypoint_command__traits.hpp
[16.652s] -- Up-to-date: /home/allenabraham106/Desktop/Co-op1/arm-controller/src/arm_controller/install/arm_controller/include/arm_controller/arm_controller/msg/detail/waypoint_command__type_support.hpp
[16.652s] -- Up-to-date: /home/allenabraham106/Desktop/Co-op1/arm-controller/src/arm_controller/install/arm_controller/include/arm_controller/arm_controller/msg/rosidl_generator_cpp__visibility_control.hpp
[16.652s] -- Up-to-date: /home/allenabraham106/Desktop/Co-op1/arm-controller/src/arm_controller/install/arm_controller/include/arm_controller/arm_controller
[16.652s] -- Up-to-date: /home/allenabraham106/Desktop/Co-op1/arm-controller/src/arm_controller/install/arm_controller/include/arm_controller/arm_controller/msg
[16.652s] -- Up-to-date: /home/allenabraham106/Desktop/Co-op1/arm-controller/src/arm_controller/install/arm_controller/include/arm_controller/arm_controller/msg/detail
[16.652s] -- Up-to-date: /home/allenabraham106/Desktop/Co-op1/arm-controller/src/arm_controller/install/arm_controller/include/arm_controller/arm_controller/msg/detail/dds_fastrtps
[16.652s] -- Up-to-date: /home/allenabraham106/Desktop/Co-op1/arm-controller/src/arm_controller/install/arm_controller/include/arm_controller/arm_controller/msg/detail/waypoint_command__rosidl_typesupport_fastrtps_cpp.hpp
[16.652s] -- Up-to-date: /home/allenabraham106/Desktop/Co-op1/arm-controller/src/arm_controller/install/arm_controller/include/arm_controller/arm_controller/msg/rosidl_typesupport_fastrtps_cpp__visibility_control.h
[16.652s] -- Up-to-date: /home/allenabraham106/Desktop/Co-op1/arm-controller/src/arm_controller/install/arm_controller/lib/libarm_controller__rosidl_typesupport_fastrtps_cpp.so
[16.652s] -- Up-to-date: /home/allenabraham106/Desktop/Co-op1/arm-controller/src/arm_controller/install/arm_controller/include/arm_controller/arm_controller
[16.652s] -- Up-to-date: /home/allenabraham106/Desktop/Co-op1/arm-controller/src/arm_controller/install/arm_controller/include/arm_controller/arm_controller/msg
[16.652s] -- Up-to-date: /home/allenabraham106/Desktop/Co-op1/arm-controller/src/arm_controller/install/arm_controller/include/arm_controller/arm_controller/msg/rosidl_typesupport_introspection_c__visibility_control.h
[16.652s] -- Up-to-date: /home/allenabraham106/Desktop/Co-op1/arm-controller/src/arm_controller/install/arm_controller/include/arm_controller/arm_controller/msg/detail
[16.652s] -- Up-to-date: /home/allenabraham106/Desktop/Co-op1/arm-controller/src/arm_controller/install/arm_controller/include/arm_controller/arm_controller/msg/detail/waypoint_command__type_support.c
[16.652s] -- Up-to-date: /home/allenabraham106/Desktop/Co-op1/arm-controller/src/arm_controller/install/arm_controller/include/arm_controller/arm_controller/msg/detail/waypoint_command__rosidl_typesupport_introspection_c.h
[16.652s] -- Up-to-date: /home/allenabraham106/Desktop/Co-op1/arm-controller/src/arm_controller/install/arm_controller/lib/libarm_controller__rosidl_typesupport_introspection_c.so
[16.652s] -- Up-to-date: /home/allenabraham106/Desktop/Co-op1/arm-controller/src/arm_controller/install/arm_controller/lib/libarm_controller__rosidl_typesupport_c.so
[16.652s] -- Up-to-date: /home/allenabraham106/Desktop/Co-op1/arm-controller/src/arm_controller/install/arm_controller/include/arm_controller/arm_controller
[16.652s] -- Up-to-date: /home/allenabraham106/Desktop/Co-op1/arm-controller/src/arm_controller/install/arm_controller/include/arm_controller/arm_controller/msg
[16.652s] -- Up-to-date: /home/allenabraham106/Desktop/Co-op1/arm-controller/src/arm_controller/install/arm_controller/include/arm_controller/arm_controller/msg/detail
[16.653s] -- Up-to-date: /home/allenabraham106/Desktop/Co-op1/arm-controller/src/arm_controller/install/arm_controller/include/arm_controller/arm_controller/msg/detail/waypoint_command__type_support.cpp
[16.653s] -- Up-to-date: /home/allenabraham106/Desktop/Co-op1/arm-controller/src/arm_controller/install/arm_controller/include/arm_controller/arm_controller/msg/detail/waypoint_command__rosidl_typesupport_introspection_cpp.hpp
[16.653s] -- Up-to-date: /home/allenabraham106/Desktop/Co-op1/arm-controller/src/arm_controller/install/arm_controller/lib/libarm_controller__rosidl_typesupport_introspection_cpp.so
[16.653s] -- Up-to-date: /home/allenabraham106/Desktop/Co-op1/arm-controller/src/arm_controller/install/arm_controller/lib/libarm_controller__rosidl_typesupport_cpp.so
[16.653s] -- Up-to-date: /home/allenabraham106/Desktop/Co-op1/arm-controller/src/arm_controller/install/arm_controller/share/arm_controller/environment/pythonpath.sh
[16.653s] -- Up-to-date: /home/allenabraham106/Desktop/Co-op1/arm-controller/src/arm_controller/install/arm_controller/share/arm_controller/environment/pythonpath.dsv
[16.653s] -- Up-to-date: /home/allenabraham106/Desktop/Co-op1/arm-controller/src/arm_controller/install/arm_controller/lib/python3.12/site-packages/arm_controller-0.0.0-py3.12.egg-info
[16.653s] -- Installing: /home/allenabraham106/Desktop/Co-op1/arm-controller/src/arm_controller/install/arm_controller/lib/python3.12/site-packages/arm_controller-0.0.0-py3.12.egg-info/PKG-INFO
[16.653s] -- Installing: /home/allenabraham106/Desktop/Co-op1/arm-controller/src/arm_controller/install/arm_controller/lib/python3.12/site-packages/arm_controller-0.0.0-py3.12.egg-info/dependency_links.txt
[16.653s] -- Installing: /home/allenabraham106/Desktop/Co-op1/arm-controller/src/arm_controller/install/arm_controller/lib/python3.12/site-packages/arm_controller-0.0.0-py3.12.egg-info/SOURCES.txt
[16.653s] -- Installing: /home/allenabraham106/Desktop/Co-op1/arm-controller/src/arm_controller/install/arm_controller/lib/python3.12/site-packages/arm_controller-0.0.0-py3.12.egg-info/top_level.txt
[16.653s] -- Up-to-date: /home/allenabraham106/Desktop/Co-op1/arm-controller/src/arm_controller/install/arm_controller/lib/python3.12/site-packages/arm_controller
[16.653s] -- Up-to-date: /home/allenabraham106/Desktop/Co-op1/arm-controller/src/arm_controller/install/arm_controller/lib/python3.12/site-packages/arm_controller/_arm_controller_s.ep.rosidl_typesupport_fastrtps_c.c
[16.653s] -- Up-to-date: /home/allenabraham106/Desktop/Co-op1/arm-controller/src/arm_controller/install/arm_controller/lib/python3.12/site-packages/arm_controller/arm_controller_s__rosidl_typesupport_introspection_c.so
[16.653s] -- Up-to-date: /home/allenabraham106/Desktop/Co-op1/arm-controller/src/arm_controller/install/arm_controller/lib/python3.12/site-packages/arm_controller/_arm_controller_s.ep.rosidl_typesupport_c.c
[16.653s] -- Installing: /home/allenabraham106/Desktop/Co-op1/arm-controller/src/arm_controller/install/arm_controller/lib/python3.12/site-packages/arm_controller/__init__.py
[16.653s] -- Up-to-date: /home/allenabraham106/Desktop/Co-op1/arm-controller/src/arm_controller/install/arm_controller/lib/python3.12/site-packages/arm_controller/arm_controller_s__rosidl_typesupport_c.so
[16.653s] -- Up-to-date: /home/allenabraham106/Desktop/Co-op1/arm-controller/src/arm_controller/install/arm_controller/lib/python3.12/site-packages/arm_controller/arm_controller_s__rosidl_typesupport_fastrtps_c.so
[16.653s] -- Up-to-date: /home/allenabraham106/Desktop/Co-op1/arm-controller/src/arm_controller/install/arm_controller/lib/python3.12/site-packages/arm_controller/msg
[16.653s] -- Up-to-date: /home/allenabraham106/Desktop/Co-op1/arm-controller/src/arm_controller/install/arm_controller/lib/python3.12/site-packages/arm_controller/msg/__init__.py
[16.653s] -- Up-to-date: /home/allenabraham106/Desktop/Co-op1/arm-controller/src/arm_controller/install/arm_controller/lib/python3.12/site-packages/arm_controller/msg/_waypoint_command_s.c
[16.653s] -- Up-to-date: /home/allenabraham106/Desktop/Co-op1/arm-controller/src/arm_controller/install/arm_controller/lib/python3.12/site-packages/arm_controller/msg/_waypoint_command.py
[16.653s] -- Up-to-date: /home/allenabraham106/Desktop/Co-op1/arm-controller/src/arm_controller/install/arm_controller/lib/python3.12/site-packages/arm_controller/_arm_controller_s.ep.rosidl_typesupport_introspection_c.c
[16.674s] Listing '/home/allenabraham106/Desktop/Co-op1/arm-controller/src/arm_controller/install/arm_controller/lib/python3.12/site-packages/arm_controller'...
[16.674s] Compiling '/home/allenabraham106/Desktop/Co-op1/arm-controller/src/arm_controller/install/arm_controller/lib/python3.12/site-packages/arm_controller/__init__.py'...
[16.674s] Listing '/home/allenabraham106/Desktop/Co-op1/arm-controller/src/arm_controller/install/arm_controller/lib/python3.12/site-packages/arm_controller/msg'...
[16.677s] -- Up-to-date: /home/allenabraham106/Desktop/Co-op1/arm-controller/src/arm_controller/install/arm_controller/lib/python3.12/site-packages/arm_controller/arm_controller_s__rosidl_typesupport_fastrtps_c.so
[16.677s] -- Up-to-date: /home/allenabraham106/Desktop/Co-op1/arm-controller/src/arm_controller/install/arm_controller/lib/python3.12/site-packages/arm_controller/arm_controller_s__rosidl_typesupport_introspection_c.so
[16.677s] -- Up-to-date: /home/allenabraham106/Desktop/Co-op1/arm-controller/src/arm_controller/install/arm_controller/lib/python3.12/site-packages/arm_controller/arm_controller_s__rosidl_typesupport_c.so
[16.677s] -- Up-to-date: /home/allenabraham106/Desktop/Co-op1/arm-controller/src/arm_controller/install/arm_controller/lib/libarm_controller__rosidl_generator_py.so
[16.677s] -- Up-to-date: /home/allenabraham106/Desktop/Co-op1/arm-controller/src/arm_controller/install/arm_controller/share/ament_index/resource_index/rust_packages/arm_controller
[16.678s] -- Up-to-date: /home/allenabraham106/Desktop/Co-op1/arm-controller/src/arm_controller/install/arm_controller/share/arm_controller/rust
[16.678s] -- Up-to-date: /home/allenabraham106/Desktop/Co-op1/arm-controller/src/arm_controller/install/arm_controller/share/arm_controller/rust/src
[16.678s] -- Up-to-date: /home/allenabraham106/Desktop/Co-op1/arm-controller/src/arm_controller/install/arm_controller/share/arm_controller/rust/src/lib.rs
[16.678s] -- Up-to-date: /home/allenabraham106/Desktop/Co-op1/arm-controller/src/arm_controller/install/arm_controller/share/arm_controller/rust/src/msg.rs
[16.678s] -- Up-to-date: /home/allenabraham106/Desktop/Co-op1/arm-controller/src/arm_controller/install/arm_controller/share/arm_controller/rust/src/msg
[16.678s] -- Up-to-date: /home/allenabraham106/Desktop/Co-op1/arm-controller/src/arm_controller/install/arm_controller/share/arm_controller/rust/src/msg/rmw.rs
[16.678s] -- Up-to-date: /home/allenabraham106/Desktop/Co-op1/arm-controller/src/arm_controller/install/arm_controller/share/arm_controller/rust/build.rs
[16.678s] -- Up-to-date: /home/allenabraham106/Desktop/Co-op1/arm-controller/src/arm_controller/install/arm_controller/share/arm_controller/rust/Cargo.toml
[16.678s] -- Up-to-date: /home/allenabraham106/Desktop/Co-op1/arm-controller/src/arm_controller/install/arm_controller/share/arm_controller/msg/WaypointCommand.idl
[16.678s] -- Up-to-date: /home/allenabraham106/Desktop/Co-op1/arm-controller/src/arm_controller/install/arm_controller/share/arm_controller/msg/WaypointCommand.msg
[16.678s] -- Installing: /home/allenabraham106/Desktop/Co-op1/arm-controller/src/arm_controller/install/arm_controller/lib/arm_controller/libarm_controller_lib.so
[16.689s] -- Set non-toolchain portion of runtime path of "/home/allenabraham106/Desktop/Co-op1/arm-controller/src/arm_controller/install/arm_controller/lib/arm_controller/libarm_controller_lib.so" to ""
[16.689s] -- Installing: /home/allenabraham106/Desktop/Co-op1/arm-controller/src/arm_controller/install/arm_controller/lib/arm_controller/arm_lifecycle_node
[16.689s] -- Set non-toolchain portion of runtime path of "/home/allenabraham106/Desktop/Co-op1/arm-controller/src/arm_controller/install/arm_controller/lib/arm_controller/arm_lifecycle_node" to ""
[16.689s] -- Installing: /home/allenabraham106/Desktop/Co-op1/arm-controller/src/arm_controller/install/arm_controller/lib/arm_controller/terminal_controller
[16.691s] -- Set non-toolchain portion of runtime path of "/home/allenabraham106/Desktop/Co-op1/arm-controller/src/arm_controller/install/arm_controller/lib/arm_controller/terminal_controller" to ""
[16.691s] -- Up-to-date: /home/allenabraham106/Desktop/Co-op1/arm-controller/src/arm_controller/install/arm_controller/include
[16.691s] -- Up-to-date: /home/allenabraham106/Desktop/Co-op1/arm-controller/src/arm_controller/install/arm_controller/include/arm_controller
[16.692s] -- Installing: /home/allenabraham106/Desktop/Co-op1/arm-controller/src/arm_controller/install/arm_controller/include/arm_controller/arm_controller.hpp
[16.692s] -- Up-to-date: /home/allenabraham106/Desktop/Co-op1/arm-controller/src/arm_controller/install/arm_controller/share/arm_controller/launch
[16.692s] -- Up-to-date: /home/allenabraham106/Desktop/Co-op1/arm-controller/src/arm_controller/install/arm_controller/share/arm_controller/launch/arm_lifecycle.launch.py
[16.692s] -- Up-to-date: /home/allenabraham106/Desktop/Co-op1/arm-controller/src/arm_controller/install/arm_controller/share/ament_index/resource_index/package_run_dependencies/arm_controller
[16.692s] -- Up-to-date: /home/allenabraham106/Desktop/Co-op1/arm-controller/src/arm_controller/install/arm_controller/share/ament_index/resource_index/parent_prefix_path/arm_controller
[16.692s] -- Up-to-date: /home/allenabraham106/Desktop/Co-op1/arm-controller/src/arm_controller/install/arm_controller/share/arm_controller/environment/ament_prefix_path.sh
[16.692s] -- Up-to-date: /home/allenabraham106/Desktop/Co-op1/arm-controller/src/arm_controller/install/arm_controller/share/arm_controller/environment/ament_prefix_path.dsv
[16.692s] -- Up-to-date: /home/allenabraham106/Desktop/Co-op1/arm-controller/src/arm_controller/install/arm_controller/share/arm_controller/environment/path.sh
[16.692s] -- Up-to-date: /home/allenabraham106/Desktop/Co-op1/arm-controller/src/arm_controller/install/arm_controller/share/arm_controller/environment/path.dsv
[16.693s] -- Up-to-date: /home/allenabraham106/Desktop/Co-op1/arm-controller/src/arm_controller/install/arm_controller/share/arm_controller/local_setup.bash
[16.693s] -- Up-to-date: /home/allenabraham106/Desktop/Co-op1/arm-controller/src/arm_controller/install/arm_controller/share/arm_controller/local_setup.sh
[16.693s] -- Up-to-date: /home/allenabraham106/Desktop/Co-op1/arm-controller/src/arm_controller/install/arm_controller/share/arm_controller/local_setup.zsh
[16.693s] -- Up-to-date: /home/allenabraham106/Desktop/Co-op1/arm-controller/src/arm_controller/install/arm_controller/share/arm_controller/local_setup.dsv
[16.693s] -- Installing: /home/allenabraham106/Desktop/Co-op1/arm-controller/src/arm_controller/install/arm_controller/share/arm_controller/package.dsv
[16.693s] -- Up-to-date: /home/allenabraham106/Desktop/Co-op1/arm-controller/src/arm_controller/install/arm_controller/share/ament_index/resource_index/packages/arm_controller
[16.693s] -- Up-to-date: /home/allenabraham106/Desktop/Co-op1/arm-controller/src/arm_controller/install/arm_controller/share/arm_controller/cmake/export_arm_controller__rosidl_generator_cExport.cmake
[16.693s] -- Up-to-date: /home/allenabraham106/Desktop/Co-op1/arm-controller/src/arm_controller/install/arm_controller/share/arm_controller/cmake/export_arm_controller__rosidl_generator_cExport-noconfig.cmake
[16.693s] -- Up-to-date: /home/allenabraham106/Desktop/Co-op1/arm-controller/src/arm_controller/install/arm_controller/share/arm_controller/cmake/export_arm_controller__rosidl_typesupport_fastrtps_cExport.cmake
[16.693s] -- Up-to-date: /home/allenabraham106/Desktop/Co-op1/arm-controller/src/arm_controller/install/arm_controller/share/arm_controller/cmake/export_arm_controller__rosidl_typesupport_fastrtps_cExport-noconfig.cmake
[16.693s] -- Up-to-date: /home/allenabraham106/Desktop/Co-op1/arm-controller/src/arm_controller/install/arm_controller/share/arm_controller/cmake/export_arm_controller__rosidl_generator_cppExport.cmake
[16.693s] -- Up-to-date: /home/allenabraham106/Desktop/Co-op1/arm-controller/src/arm_controller/install/arm_controller/share/arm_controller/cmake/export_arm_controller__rosidl_typesupport_fastrtps_cppExport.cmake
[16.693s] -- Up-to-date: /home/allenabraham106/Desktop/Co-op1/arm-controller/src/arm_controller/install/arm_controller/share/arm_controller/cmake/export_arm_controller__rosidl_typesupport_fastrtps_cppExport-noconfig.cmake
[16.693s] -- Up-to-date: /home/allenabraham106/Desktop/Co-op1/arm-controller/src/arm_controller/install/arm_controller/share/arm_controller/cmake/arm_controller__rosidl_typesupport_introspection_cExport.cmake
[16.693s] -- Up-to-date: /home/allenabraham106/Desktop/Co-op1/arm-controller/src/arm_controller/install/arm_controller/share/arm_controller/cmake/arm_controller__rosidl_typesupport_introspection_cExport-noconfig.cmake
[16.693s] -- Up-to-date: /home/allenabraham106/Desktop/Co-op1/arm-controller/src/arm_controller/install/arm_controller/share/arm_controller/cmake/arm_controller__rosidl_typesupport_cExport.cmake
[16.693s] -- Up-to-date: /home/allenabraham106/Desktop/Co-op1/arm-controller/src/arm_controller/install/arm_controller/share/arm_controller/cmake/arm_controller__rosidl_typesupport_cExport-noconfig.cmake
[16.693s] -- Up-to-date: /home/allenabraham106/Desktop/Co-op1/arm-controller/src/arm_controller/install/arm_controller/share/arm_controller/cmake/arm_controller__rosidl_typesupport_introspection_cppExport.cmake
[16.693s] -- Up-to-date: /home/allenabraham106/Desktop/Co-op1/arm-controller/src/arm_controller/install/arm_controller/share/arm_controller/cmake/arm_controller__rosidl_typesupport_introspection_cppExport-noconfig.cmake
[16.693s] -- Up-to-date: /home/allenabraham106/Desktop/Co-op1/arm-controller/src/arm_controller/install/arm_controller/share/arm_controller/cmake/arm_controller__rosidl_typesupport_cppExport.cmake
[16.693s] -- Up-to-date: /home/allenabraham106/Desktop/Co-op1/arm-controller/src/arm_controller/install/arm_controller/share/arm_controller/cmake/arm_controller__rosidl_typesupport_cppExport-noconfig.cmake
[16.693s] -- Up-to-date: /home/allenabraham106/Desktop/Co-op1/arm-controller/src/arm_controller/install/arm_controller/share/arm_controller/cmake/export_arm_controller__rosidl_generator_pyExport.cmake
[16.693s] -- Up-to-date: /home/allenabraham106/Desktop/Co-op1/arm-controller/src/arm_controller/install/arm_controller/share/arm_controller/cmake/export_arm_controller__rosidl_generator_pyExport-noconfig.cmake
[16.693s] -- Up-to-date: /home/allenabraham106/Desktop/Co-op1/arm-controller/src/arm_controller/install/arm_controller/share/arm_controller/cmake/rosidl_cmake-extras.cmake
[16.693s] -- Up-to-date: /home/allenabraham106/Desktop/Co-op1/arm-controller/src/arm_controller/install/arm_controller/share/arm_controller/cmake/ament_cmake_export_dependencies-extras.cmake
[16.693s] -- Up-to-date: /home/allenabraham106/Desktop/Co-op1/arm-controller/src/arm_controller/install/arm_controller/share/arm_controller/cmake/ament_cmake_export_include_directories-extras.cmake
[16.693s] -- Up-to-date: /home/allenabraham106/Desktop/Co-op1/arm-controller/src/arm_controller/install/arm_controller/share/arm_controller/cmake/ament_cmake_export_libraries-extras.cmake
[16.693s] -- Up-to-date: /home/allenabraham106/Desktop/Co-op1/arm-controller/src/arm_controller/install/arm_controller/share/arm_controller/cmake/ament_cmake_export_targets-extras.cmake
[16.694s] -- Up-to-date: /home/allenabraham106/Desktop/Co-op1/arm-controller/src/arm_controller/install/arm_controller/share/arm_controller/cmake/rosidl_cmake_export_typesupport_targets-extras.cmake
[16.694s] -- Up-to-date: /home/allenabraham106/Desktop/Co-op1/arm-controller/src/arm_controller/install/arm_controller/share/arm_controller/cmake/rosidl_cmake_export_typesupport_libraries-extras.cmake
[16.694s] -- Up-to-date: /home/allenabraham106/Desktop/Co-op1/arm-controller/src/arm_controller/install/arm_controller/share/arm_controller/cmake/arm_controllerConfig.cmake
[16.694s] -- Up-to-date: /home/allenabraham106/Desktop/Co-op1/arm-controller/src/arm_controller/install/arm_controller/share/arm_controller/cmake/arm_controllerConfig-version.cmake
[16.694s] -- Up-to-date: /home/allenabraham106/Desktop/Co-op1/arm-controller/src/arm_controller/install/arm_controller/share/arm_controller/package.xml
[16.695s] Invoked command in '/home/allenabraham106/Desktop/Co-op1/arm-controller/src/arm_controller/build/arm_controller' returned '0': CMAKE_PREFIX_PATH=${CMAKE_PREFIX_PATH}:/opt/ros/jazzy DEBUGINFOD_URLS=https://debuginfod.ubuntu.com /usr/bin/cmake --install /home/allenabraham106/Desktop/Co-op1/arm-controller/src/arm_controller/build/arm_controller
