[0.009s] Invoking command in '/home/allenabraham106/Desktop/Co-op1/arm-controller/src/arm_controller/build/arm_controller': CMAKE_PREFIX_PATH=${CMAKE_PREFIX_PATH}:/opt/ros/jazzy DEBUGINFOD_URLS=https://debuginfod.ubuntu.com /usr/bin/cmake --build /home/allenabraham106/Desktop/Co-op1/arm-controller/src/arm_controller/build/arm_controller -- -j4 -l4
[0.065s] -- Found ament_cmake: 2.5.6 (/opt/ros/jazzy/share/ament_cmake/cmake)
[0.205s] -- Found rclcpp: 28.1.18 (/opt/ros/jazzy/share/rclcpp/cmake)
[0.235s] -- Found rosidl_generator_c: 4.6.7 (/opt/ros/jazzy/share/rosidl_generator_c/cmake)
[0.241s] -- Found rosidl_generator_cpp: 4.6.7 (/opt/ros/jazzy/share/rosidl_generator_cpp/cmake)
[0.249s] -- Using all available rosidl_typesupport_c: rosidl_typesupport_fastrtps_c;rosidl_typesupport_introspection_c
[0.258s] -- Using all available rosidl_typesupport_cpp: rosidl_typesupport_fastrtps_cpp;rosidl_typesupport_introspection_cpp
[0.296s] -- Found rmw_implementation_cmake: 7.3.3 (/opt/ros/jazzy/share/rmw_implementation_cmake/cmake)
[0.297s] -- Found rmw_fastrtps_cpp: 8.4.3 (/opt/ros/jazzy/share/rmw_fastrtps_cpp/cmake)
[0.338s] -- Using RMW implementation 'rmw_fastrtps_cpp' as default
[0.379s] -- Found rclcpp_lifecycle: 28.1.18 (/opt/ros/jazzy/share/rclcpp_lifecycle/cmake)
[0.394s] -- Found moveit_ros_planning_interface: 2.12.4 (/opt/ros/jazzy/share/moveit_ros_planning_interface/cmake)
[0.406s] -- Found Boost: /usr/lib/aarch64-linux-gnu/cmake/Boost-1.83.0/BoostConfig.cmake (found version "1.83.0") found components: date_time filesystem program_options system thread 
[0.544s] -- Found Boost: /usr/lib/aarch64-linux-gnu/cmake/Boost-1.83.0/BoostConfig.cmake (found version "1.83.0") found components: chrono date_time filesystem iostreams program_options regex serialization system thread 
[0.562s] -- Found parameter_traits: 0.7.1 (/opt/ros/jazzy/share/parameter_traits/cmake)
[0.569s] -- Found Boost: /usr/lib/aarch64-linux-gnu/cmake/Boost-1.83.0/BoostConfig.cmake (found version "1.83.0") found components: filesystem 
[0.590s] -- Ensuring Eigen3 include directory is part of orocos-kdl CMake target
[0.665s] -- Found Boost: /usr/lib/aarch64-linux-gnu/cmake/Boost-1.83.0/BoostConfig.cmake (found version "1.83.0") found components: system filesystem date_time program_options thread chrono 
[0.688s] -- Found Boost: /usr/lib/aarch64-linux-gnu/cmake/Boost-1.83.0/BoostConfig.cmake (found version "1.83.0") found components: thread system filesystem regex date_time program_options 
[0.700s] -- Found Boost: /usr/lib/aarch64-linux-gnu/cmake/Boost-1.83.0/BoostConfig.cmake (found version "1.83.0") found components: system filesystem date_time program_options thread 
[0.726s] -- Found rosidl_default_generators: 1.6.0 (/opt/ros/jazzy/share/rosidl_default_generators/cmake)
[0.747s] -- Found rosidl_adapter: 4.6.7 (/opt/ros/jazzy/share/rosidl_adapter/cmake)
[1.072s] -- Found ament_cmake_ros: 0.12.0 (/opt/ros/jazzy/share/ament_cmake_ros/cmake)
[1.496s] -- Using all available rosidl_typesupport_c: rosidl_typesupport_fastrtps_c;rosidl_typesupport_introspection_c
[1.652s] -- Using all available rosidl_typesupport_cpp: rosidl_typesupport_fastrtps_cpp;rosidl_typesupport_introspection_cpp
[1.656s] -- Found python_cmake_module: 0.11.1 (/opt/ros/jazzy/share/python_cmake_module/cmake)
[1.727s] -- Found PythonExtra: /usr/bin/python3  
[1.970s] -- Found Python3: /usr/bin/python3 (found version "3.12.3") found components: Interpreter Development NumPy Development.Module Development.Embed 
[2.019s] -- Found Python3: /usr/bin/python3 (found version "3.12.3") found components: Interpreter 
[2.035s] -- Configuring done (2.0s)
[2.112s] -- Generating done (0.1s)
[2.130s] -- Build files have been written to: /home/allenabraham106/Desktop/Co-op1/arm-controller/src/arm_controller/build/arm_controller
[2.153s] [  2%] [34m[1mGenerating type hashes for ROS interfaces[0m
[2.154s] [  4%] [34m[1mGenerating Rust code for ROS interfaces[0m
[2.158s] [  4%] Built target ament_cmake_python_copy_arm_controller
[2.176s] [  7%] [32mBuilding CXX object CMakeFiles/arm_controller_lib.dir/src/arm_controller.cpp.o[0m
[2.269s] [  7%] Built target arm_controller__rosidl_generator_type_description
[2.276s] [  9%] [34m[1mGenerating C code for ROS interfaces[0m
[2.295s] running egg_info
[2.295s] creating arm_controller.egg-info
[2.307s] writing arm_controller.egg-info/PKG-INFO
[2.307s] writing dependency_links to arm_controller.egg-info/dependency_links.txt
[2.307s] writing top-level names to arm_controller.egg-info/top_level.txt
[2.307s] writing manifest file 'arm_controller.egg-info/SOURCES.txt'
[2.337s] [  9%] Built target arm_controller__rs
[2.355s] reading manifest file 'arm_controller.egg-info/SOURCES.txt'
[2.355s] writing manifest file 'arm_controller.egg-info/SOURCES.txt'
[2.356s] [ 12%] [34m[1mGenerating C++ code for ROS interfaces[0m
[2.374s] [ 12%] Built target ament_cmake_python_build_arm_controller_egg
[2.444s] [ 14%] [32mBuilding C object CMakeFiles/arm_controller__rosidl_generator_c.dir/rosidl_generator_c/arm_controller/msg/detail/waypoint_command__functions.c.o[0m
[2.444s] [ 17%] [32mBuilding C object CMakeFiles/arm_controller__rosidl_generator_c.dir/rosidl_generator_c/arm_controller/msg/detail/waypoint_command__description.c.o[0m
[2.520s] [ 17%] Built target arm_controller__cpp
[2.529s] [ 19%] [32mBuilding C object CMakeFiles/arm_controller__rosidl_generator_c.dir/rosidl_generator_c/arm_controller/msg/detail/waypoint_command__type_support.c.o[0m
[2.547s] [ 21%] [32m[1mLinking C shared library libarm_controller__rosidl_generator_c.so[0m
[2.577s] [ 21%] Built target arm_controller__rosidl_generator_c
[2.583s] [ 24%] [34m[1mGenerating C++ type support for eProsima Fast-RTPS[0m
[2.583s] [ 26%] [34m[1mGenerating C type support for eProsima Fast-RTPS[0m
[2.585s] [ 29%] [34m[1mGenerating C introspection for ROS interfaces[0m
[2.717s] [ 31%] [32mBuilding C object CMakeFiles/arm_controller__rosidl_typesupport_introspection_c.dir/rosidl_typesupport_introspection_c/arm_controller/msg/detail/waypoint_command__type_support.c.o[0m
[2.737s] [ 34%] [32mBuilding CXX object CMakeFiles/arm_controller__rosidl_typesupport_fastrtps_cpp.dir/rosidl_typesupport_fastrtps_cpp/arm_controller/msg/detail/dds_fastrtps/waypoint_command__type_support.cpp.o[0m
[2.740s] [ 36%] [32m[1mLinking C shared library libarm_controller__rosidl_typesupport_introspection_c.so[0m
[2.751s] [ 39%] [32mBuilding CXX object CMakeFiles/arm_controller__rosidl_typesupport_fastrtps_c.dir/rosidl_typesupport_fastrtps_c/arm_controller/msg/detail/waypoint_command__type_support_c.cpp.o[0m
[2.761s] [ 39%] Built target arm_controller__rosidl_typesupport_introspection_c
[2.774s] [ 41%] [34m[1mGenerating C type support dispatch for ROS interfaces[0m
[2.916s] [ 43%] [32mBuilding CXX object CMakeFiles/arm_controller__rosidl_typesupport_c.dir/rosidl_typesupport_c/arm_controller/msg/waypoint_command__type_support.cpp.o[0m
[2.955s] [ 46%] [32m[1mLinking CXX shared library libarm_controller__rosidl_typesupport_c.so[0m
[2.993s] [ 46%] Built target arm_controller__rosidl_typesupport_c
[3.000s] [ 48%] [34m[1mGenerating C++ introspection for ROS interfaces[0m
[3.108s] [ 51%] [32m[1mLinking CXX shared library libarm_controller__rosidl_typesupport_fastrtps_cpp.so[0m
[3.109s] [ 53%] [32m[1mLinking CXX shared library libarm_controller__rosidl_typesupport_fastrtps_c.so[0m
[3.136s] [ 53%] Built target arm_controller__rosidl_typesupport_fastrtps_cpp
[3.136s] [ 53%] Built target arm_controller__rosidl_typesupport_fastrtps_c
[3.139s] [ 56%] [32mBuilding CXX object CMakeFiles/arm_controller__rosidl_typesupport_introspection_cpp.dir/rosidl_typesupport_introspection_cpp/arm_controller/msg/detail/waypoint_command__type_support.cpp.o[0m
[3.140s] [ 58%] [34m[1mGenerating C++ type support dispatch for ROS interfaces[0m
[3.259s] [ 60%] [32mBuilding CXX object CMakeFiles/arm_controller__rosidl_typesupport_cpp.dir/rosidl_typesupport_cpp/arm_controller/msg/waypoint_command__type_support.cpp.o[0m
[3.289s] [ 63%] [32m[1mLinking CXX shared library libarm_controller__rosidl_typesupport_introspection_cpp.so[0m
[3.310s] [ 63%] Built target arm_controller__rosidl_typesupport_introspection_cpp
[3.396s] [ 65%] [32m[1mLinking CXX shared library libarm_controller__rosidl_typesupport_cpp.so[0m
[3.416s] [ 65%] Built target arm_controller__rosidl_typesupport_cpp
[3.426s] [ 65%] Built target arm_controller
[3.438s] [ 68%] [34m[1mGenerating Python code for ROS interfaces[0m
[3.579s] [ 68%] Built target arm_controller__py
[3.588s] [ 70%] [32mBuilding C object CMakeFiles/arm_controller__rosidl_generator_py.dir/rosidl_generator_py/arm_controller/msg/_waypoint_command_s.c.o[0m
[3.668s] [ 73%] [32m[1mLinking C shared library libarm_controller__rosidl_generator_py.so[0m
[3.694s] [ 73%] Built target arm_controller__rosidl_generator_py
[3.707s] [ 75%] [32mBuilding C object CMakeFiles/arm_controller_s__rosidl_typesupport_c.dir/rosidl_generator_py/arm_controller/_arm_controller_s.ep.rosidl_typesupport_c.c.o[0m
[3.708s] [ 78%] [32mBuilding C object CMakeFiles/arm_controller_s__rosidl_typesupport_fastrtps_c.dir/rosidl_generator_py/arm_controller/_arm_controller_s.ep.rosidl_typesupport_fastrtps_c.c.o[0m
[3.708s] [ 80%] [32mBuilding C object CMakeFiles/arm_controller_s__rosidl_typesupport_introspection_c.dir/rosidl_generator_py/arm_controller/_arm_controller_s.ep.rosidl_typesupport_introspection_c.c.o[0m
[3.762s] [ 82%] [32m[1mLinking C shared module rosidl_generator_py/arm_controller/arm_controller_s__rosidl_typesupport_c.so[0m
[3.762s] [ 85%] [32m[1mLinking C shared module rosidl_generator_py/arm_controller/arm_controller_s__rosidl_typesupport_fastrtps_c.so[0m
[3.766s] [ 87%] [32m[1mLinking C shared module rosidl_generator_py/arm_controller/arm_controller_s__rosidl_typesupport_introspection_c.so[0m
[3.779s] [ 87%] Built target arm_controller_s__rosidl_typesupport_c
[3.779s] [ 87%] Built target arm_controller_s__rosidl_typesupport_fastrtps_c
[3.783s] [ 87%] Built target arm_controller_s__rosidl_typesupport_introspection_c
[3.881s] In file included from [01m[K/home/allenabraham106/Desktop/Co-op1/arm-controller/src/arm_controller/include/arm_controller/arm_controller.hpp:5[m[K,
[3.881s]                  from [01m[K/home/allenabraham106/Desktop/Co-op1/arm-controller/src/arm_controller/src/arm_controller.cpp:1[m[K:
[3.881s] [01m[K/opt/ros/jazzy/include/moveit_ros_planning_interface/moveit/move_group_interface/move_group_interface.h:51:77:[m[K [01;36m[Knote: [m[K‘[01m[K#pragma message: .h header is obsolete. Please use the .hpp header instead.[m[K’
[3.881s]    51 | #pragma message(".h header is obsolete. Please use the .hpp header instead."[01;36m[K)[m[K
[3.881s]       |                                                                             [01;36m[K^[m[K
[5.295s] [01m[K/home/allenabraham106/Desktop/Co-op1/arm-controller/src/arm_controller/src/arm_controller.cpp:[m[K In member function ‘[01m[Kbool ArmController::[01;32m[KexecuteWaypoints[m[K()[m[K’:
[5.297s] [01m[K/home/allenabraham106/Desktop/Co-op1/arm-controller/src/arm_controller/src/arm_controller.cpp:143:56:[m[K [01;35m[Kwarning: [m[K‘[01m[Kdouble moveit::planning_interface::MoveGroupInterface::[01;32m[KcomputeCartesianPath[m[K(const std::vector<geometry_msgs::msg::Pose_<std::allocator<void> > >&, double, double, moveit_msgs::msg::RobotTrajectory&, bool, moveit_msgs::msg::MoveItErrorCodes*)[m[K’ is deprecated: Drop jump_threshold [[01;35m[K]8;;https://gcc.gnu.org/onlinedocs/gcc/Warning-Options.html#index-Wdeprecated-declarations-Wdeprecated-declarations]8;;[m[K]
[5.297s]   143 |     double fraction = [01;35m[Kmove_group_->computeCartesianPath([m[K
[5.297s]       |                       [01;35m[K~~~~~~~~~~~~~~~~~~~~~~~~~~~~~~~~~^[m[K
[5.297s]   144 | [01;35m[K        waypoints_,[m[K
[5.297s]       |         [01;35m[K~~~~~~~~~~~[m[K                                     
[5.297s]   145 | [01;35m[K        0.01,[m[K
[5.297s]       |         [01;35m[K~~~~~[m[K                                           
[5.297s]   146 | [01;35m[K        0.0,[m[K
[5.297s]       |         [01;35m[K~~~~[m[K                                            
[5.297s]   147 | [01;35m[K        trajectory,[m[K
[5.297s]       |         [01;35m[K~~~~~~~~~~~[m[K                                     
[5.297s]   148 | [01;35m[K        true,[m[K
[5.297s]       |         [01;35m[K~~~~~[m[K                                           
[5.297s]   149 | [01;35m[K        &error_code[m[K
[5.297s]       |         [01;35m[K~~~~~~~~~~~[m[K                                     
[5.297s]   150 | [01;35m[K    )[m[K;
[5.297s]       |     [01;35m[K~[m[K                                                   
[5.297s] In file included from [01m[K/opt/ros/jazzy/include/moveit_ros_planning_interface/moveit/move_group_interface/move_group_interface.h:52[m[K:
[5.297s] [01m[K/opt/ros/jazzy/include/moveit_ros_planning_interface/moveit/move_group_interface/move_group_interface.hpp:765:3:[m[K [01;36m[Knote: [m[Kdeclared here
[5.297s]   765 |   [01;36m[KcomputeCartesianPath[m[K(const std::vector<geometry_msgs::msg::Pose>& waypoints, double eef_step,
[5.297s]       |   [01;36m[K^~~~~~~~~~~~~~~~~~~~[m[K
[13.848s] [ 90%] [32m[1mLinking CXX shared library libarm_controller_lib.so[0m
[14.382s] [ 90%] Built target arm_controller_lib
[14.393s] [ 92%] [32mBuilding CXX object CMakeFiles/terminal_controller.dir/src/terminal_controller.cpp.o[0m
[14.404s] [ 95%] [32mBuilding CXX object CMakeFiles/arm_lifecycle_node.dir/src/arm_lifecycle_node.cpp.o[0m
[15.688s] In file included from [01m[K/home/allenabraham106/Desktop/Co-op1/arm-controller/src/arm_controller/include/arm_controller/arm_controller.hpp:5[m[K,
[15.689s]                  from [01m[K/home/allenabraham106/Desktop/Co-op1/arm-controller/src/arm_controller/src/arm_lifecycle_node.cpp:5[m[K:
[15.689s] [01m[K/opt/ros/jazzy/include/moveit_ros_planning_interface/moveit/move_group_interface/move_group_interface.h:51:77:[m[K [01;36m[Knote: [m[K‘[01m[K#pragma message: .h header is obsolete. Please use the .hpp header instead.[m[K’
[15.689s]    51 | #pragma message(".h header is obsolete. Please use the .hpp header instead."[01;36m[K)[m[K
[15.689s]       |                                                                             [01;36m[K^[m[K
[16.611s] [ 97%] [32m[1mLinking CXX executable terminal_controller[0m
[17.500s] [ 97%] Built target terminal_controller
[18.273s] [100%] [32m[1mLinking CXX executable arm_lifecycle_node[0m
[18.624s] [100%] Built target arm_lifecycle_node
[18.633s] Invoked command in '/home/allenabraham106/Desktop/Co-op1/arm-controller/src/arm_controller/build/arm_controller' returned '0': CMAKE_PREFIX_PATH=${CMAKE_PREFIX_PATH}:/opt/ros/jazzy DEBUGINFOD_URLS=https://debuginfod.ubuntu.com /usr/bin/cmake --build /home/allenabraham106/Desktop/Co-op1/arm-controller/src/arm_controller/build/arm_controller -- -j4 -l4
[18.645s] Invoking command in '/home/allenabraham106/Desktop/Co-op1/arm-controller/src/arm_controller/build/arm_controller': CMAKE_PREFIX_PATH=${CMAKE_PREFIX_PATH}:/opt/ros/jazzy DEBUGINFOD_URLS=https://debuginfod.ubuntu.com /usr/bin/cmake --install /home/allenabraham106/Desktop/Co-op1/arm-controller/src/arm_controller/build/arm_controller
[18.649s] -- Install configuration: ""
[18.649s] -- Installing: /home/allenabraham106/Desktop/Co-op1/arm-controller/src/arm_controller/install/arm_controller/share/ament_index/resource_index/rosidl_interfaces/arm_controller
[18.649s] -- Installing: /home/allenabraham106/Desktop/Co-op1/arm-controller/src/arm_controller/install/arm_controller/share/arm_controller/msg/WaypointCommand.json
[18.650s] -- Installing: /home/allenabraham106/Desktop/Co-op1/arm-controller/src/arm_controller/install/arm_controller/include/arm_controller/arm_controller
[18.650s] -- Installing: /home/allenabraham106/Desktop/Co-op1/arm-controller/src/arm_controller/install/arm_controller/include/arm_controller/arm_controller/msg
[18.650s] -- Installing: /home/allenabraham106/Desktop/Co-op1/arm-controller/src/arm_controller/install/arm_controller/include/arm_controller/arm_controller/msg/rosidl_generator_c__visibility_control.h
[18.650s] -- Installing: /home/allenabraham106/Desktop/Co-op1/arm-controller/src/arm_controller/install/arm_controller/include/arm_controller/arm_controller/msg/waypoint_command.h
[18.650s] -- Installing: /home/allenabraham106/Desktop/Co-op1/arm-controller/src/arm_controller/install/arm_controller/include/arm_controller/arm_controller/msg/detail
[18.651s] -- Installing: /home/allenabraham106/Desktop/Co-op1/arm-controller/src/arm_controller/install/arm_controller/include/arm_controller/arm_controller/msg/detail/waypoint_command__type_support.c
[18.651s] -- Installing: /home/allenabraham106/Desktop/Co-op1/arm-controller/src/arm_controller/install/arm_controller/include/arm_controller/arm_controller/msg/detail/waypoint_command__description.c
[18.651s] -- Installing: /home/allenabraham106/Desktop/Co-op1/arm-controller/src/arm_controller/install/arm_controller/include/arm_controller/arm_controller/msg/detail/waypoint_command__struct.h
[18.651s] -- Installing: /home/allenabraham106/Desktop/Co-op1/arm-controller/src/arm_controller/install/arm_controller/include/arm_controller/arm_controller/msg/detail/waypoint_command__functions.h
[18.651s] -- Installing: /home/allenabraham106/Desktop/Co-op1/arm-controller/src/arm_controller/install/arm_controller/include/arm_controller/arm_controller/msg/detail/waypoint_command__type_support.h
[18.651s] -- Installing: /home/allenabraham106/Desktop/Co-op1/arm-controller/src/arm_controller/install/arm_controller/include/arm_controller/arm_controller/msg/detail/waypoint_command__functions.c
[18.651s] -- Installing: /home/allenabraham106/Desktop/Co-op1/arm-controller/src/arm_controller/install/arm_controller/share/arm_controller/environment/library_path.sh
[18.651s] -- Installing: /home/allenabraham106/Desktop/Co-op1/arm-controller/src/arm_controller/install/arm_controller/share/arm_controller/environment/library_path.dsv
[18.651s] -- Installing: /home/allenabraham106/Desktop/Co-op1/arm-controller/src/arm_controller/install/arm_controller/lib/libarm_controller__rosidl_generator_c.so
[18.651s] -- Set non-toolchain portion of runtime path of "/home/allenabraham106/Desktop/Co-op1/arm-controller/src/arm_controller/install/arm_controller/lib/libarm_controller__rosidl_generator_c.so" to ""
[18.651s] -- Up-to-date: /home/allenabraham106/Desktop/Co-op1/arm-controller/src/arm_controller/install/arm_controller/include/arm_controller/arm_controller
[18.651s] -- Up-to-date: /home/allenabraham106/Desktop/Co-op1/arm-controller/src/arm_controller/install/arm_controller/include/arm_controller/arm_controller/msg
[18.651s] -- Installing: /home/allenabraham106/Desktop/Co-op1/arm-controller/src/arm_controller/install/arm_controller/include/arm_controller/arm_controller/msg/rosidl_typesupport_fastrtps_c__visibility_control.h
[18.651s] -- Up-to-date: /home/allenabraham106/Desktop/Co-op1/arm-controller/src/arm_controller/install/arm_controller/include/arm_controller/arm_controller/msg/detail
[18.651s] -- Installing: /home/allenabraham106/Desktop/Co-op1/arm-controller/src/arm_controller/install/arm_controller/include/arm_controller/arm_controller/msg/detail/waypoint_command__rosidl_typesupport_fastrtps_c.h
[18.652s] -- Installing: /home/allenabraham106/Desktop/Co-op1/arm-controller/src/arm_controller/install/arm_controller/lib/libarm_controller__rosidl_typesupport_fastrtps_c.so
[18.652s] -- Set non-toolchain portion of runtime path of "/home/allenabraham106/Desktop/Co-op1/arm-controller/src/arm_controller/install/arm_controller/lib/libarm_controller__rosidl_typesupport_fastrtps_c.so" to ""
[18.652s] -- Up-to-date: /home/allenabraham106/Desktop/Co-op1/arm-controller/src/arm_controller/install/arm_controller/include/arm_controller/arm_controller
[18.652s] -- Up-to-date: /home/allenabraham106/Desktop/Co-op1/arm-controller/src/arm_controller/install/arm_controller/include/arm_controller/arm_controller/msg
[18.652s] -- Installing: /home/allenabraham106/Desktop/Co-op1/arm-controller/src/arm_controller/install/arm_controller/include/arm_controller/arm_controller/msg/waypoint_command.hpp
[18.652s] -- Up-to-date: /home/allenabraham106/Desktop/Co-op1/arm-controller/src/arm_controller/install/arm_controller/include/arm_controller/arm_controller/msg/detail
[18.652s] -- Installing: /home/allenabraham106/Desktop/Co-op1/arm-controller/src/arm_controller/install/arm_controller/include/arm_controller/arm_controller/msg/detail/waypoint_command__builder.hpp
[18.652s] -- Installing: /home/allenabraham106/Desktop/Co-op1/arm-controller/src/arm_controller/install/arm_controller/include/arm_controller/arm_controller/msg/detail/waypoint_command__struct.hpp
[18.652s] -- Installing: /home/allenabraham106/Desktop/Co-op1/arm-controller/src/arm_controller/install/arm_controller/include/arm_controller/arm_controller/msg/detail/waypoint_command__traits.hpp
[18.652s] -- Installing: /home/allenabraham106/Desktop/Co-op1/arm-controller/src/arm_controller/install/arm_controller/include/arm_controller/arm_controller/msg/detail/waypoint_command__type_support.hpp
[18.652s] -- Installing: /home/allenabraham106/Desktop/Co-op1/arm-controller/src/arm_controller/install/arm_controller/include/arm_controller/arm_controller/msg/rosidl_generator_cpp__visibility_control.hpp
[18.652s] -- Up-to-date: /home/allenabraham106/Desktop/Co-op1/arm-controller/src/arm_controller/install/arm_controller/include/arm_controller/arm_controller
[18.652s] -- Up-to-date: /home/allenabraham106/Desktop/Co-op1/arm-controller/src/arm_controller/install/arm_controller/include/arm_controller/arm_controller/msg
[18.652s] -- Up-to-date: /home/allenabraham106/Desktop/Co-op1/arm-controller/src/arm_controller/install/arm_controller/include/arm_controller/arm_controller/msg/detail
[18.652s] -- Installing: /home/allenabraham106/Desktop/Co-op1/arm-controller/src/arm_controller/install/arm_controller/include/arm_controller/arm_controller/msg/detail/dds_fastrtps
[18.652s] -- Installing: /home/allenabraham106/Desktop/Co-op1/arm-controller/src/arm_controller/install/arm_controller/include/arm_controller/arm_controller/msg/detail/waypoint_command__rosidl_typesupport_fastrtps_cpp.hpp
[18.652s] -- Installing: /home/allenabraham106/Desktop/Co-op1/arm-controller/src/arm_controller/install/arm_controller/include/arm_controller/arm_controller/msg/rosidl_typesupport_fastrtps_cpp__visibility_control.h
[18.652s] -- Installing: /home/allenabraham106/Desktop/Co-op1/arm-controller/src/arm_controller/install/arm_controller/lib/libarm_controller__rosidl_typesupport_fastrtps_cpp.so
[18.652s] -- Set non-toolchain portion of runtime path of "/home/allenabraham106/Desktop/Co-op1/arm-controller/src/arm_controller/install/arm_controller/lib/libarm_controller__rosidl_typesupport_fastrtps_cpp.so" to ""
[18.652s] -- Up-to-date: /home/allenabraham106/Desktop/Co-op1/arm-controller/src/arm_controller/install/arm_controller/include/arm_controller/arm_controller
[18.652s] -- Up-to-date: /home/allenabraham106/Desktop/Co-op1/arm-controller/src/arm_controller/install/arm_controller/include/arm_controller/arm_controller/msg
[18.652s] -- Installing: /home/allenabraham106/Desktop/Co-op1/arm-controller/src/arm_controller/install/arm_controller/include/arm_controller/arm_controller/msg/rosidl_typesupport_introspection_c__visibility_control.h
[18.652s] -- Up-to-date: /home/allenabraham106/Desktop/Co-op1/arm-controller/src/arm_controller/install/arm_controller/include/arm_controller/arm_controller/msg/detail
[18.652s] -- Up-to-date: /home/allenabraham106/Desktop/Co-op1/arm-controller/src/arm_controller/install/arm_controller/include/arm_controller/arm_controller/msg/detail/waypoint_command__type_support.c
[18.653s] -- Installing: /home/allenabraham106/Desktop/Co-op1/arm-controller/src/arm_controller/install/arm_controller/include/arm_controller/arm_controller/msg/detail/waypoint_command__rosidl_typesupport_introspection_c.h
[18.653s] -- Installing: /home/allenabraham106/Desktop/Co-op1/arm-controller/src/arm_controller/install/arm_controller/lib/libarm_controller__rosidl_typesupport_introspection_c.so
[18.653s] -- Set non-toolchain portion of runtime path of "/home/allenabraham106/Desktop/Co-op1/arm-controller/src/arm_controller/install/arm_controller/lib/libarm_controller__rosidl_typesupport_introspection_c.so" to ""
[18.653s] -- Installing: /home/allenabraham106/Desktop/Co-op1/arm-controller/src/arm_controller/install/arm_controller/lib/libarm_controller__rosidl_typesupport_c.so
[18.654s] -- Set non-toolchain portion of runtime path of "/home/allenabraham106/Desktop/Co-op1/arm-controller/src/arm_controller/install/arm_controller/lib/libarm_controller__rosidl_typesupport_c.so" to ""
[18.654s] -- Up-to-date: /home/allenabraham106/Desktop/Co-op1/arm-controller/src/arm_controller/install/arm_controller/include/arm_controller/arm_controller
[18.654s] -- Up-to-date: /home/allenabraham106/Desktop/Co-op1/arm-controller/src/arm_controller/install/arm_controller/include/arm_controller/arm_controller/msg
[18.654s] -- Up-to-date: /home/allenabraham106/Desktop/Co-op1/arm-controller/src/arm_controller/install/arm_controller/include/arm_controller/arm_controller/msg/detail
[18.654s] -- Installing: /home/allenabraham106/Desktop/Co-op1/arm-controller/src/arm_controller/install/arm_controller/include/arm_controller/arm_controller/msg/detail/waypoint_command__type_support.cpp
[18.654s] -- Installing: /home/allenabraham106/Desktop/Co-op1/arm-controller/src/arm_controller/install/arm_controller/include/arm_controller/arm_controller/msg/detail/waypoint_command__rosidl_typesupport_introspection_cpp.hpp
[18.654s] -- Installing: /home/allenabraham106/Desktop/Co-op1/arm-controller/src/arm_controller/install/arm_controller/lib/libarm_controller__rosidl_typesupport_introspection_cpp.so
[18.655s] -- Set non-toolchain portion of runtime path of "/home/allenabraham106/Desktop/Co-op1/arm-controller/src/arm_controller/install/arm_controller/lib/libarm_controller__rosidl_typesupport_introspection_cpp.so" to ""
[18.655s] -- Installing: /home/allenabraham106/Desktop/Co-op1/arm-controller/src/arm_controller/install/arm_controller/lib/libarm_controller__rosidl_typesupport_cpp.so
[18.655s] -- Set non-toolchain portion of runtime path of "/home/allenabraham106/Desktop/Co-op1/arm-controller/src/arm_controller/install/arm_controller/lib/libarm_controller__rosidl_typesupport_cpp.so" to ""
[18.655s] -- Installing: /home/allenabraham106/Desktop/Co-op1/arm-controller/src/arm_controller/install/arm_controller/share/arm_controller/environment/pythonpath.sh
[18.656s] -- Installing: /home/allenabraham106/Desktop/Co-op1/arm-controller/src/arm_controller/install/arm_controller/share/arm_controller/environment/pythonpath.dsv
[18.656s] -- Installing: /home/allenabraham106/Desktop/Co-op1/arm-controller/src/arm_controller/install/arm_controller/lib/python3.12/site-packages/arm_controller-0.0.0-py3.12.egg-info
[18.656s] -- Installing: /home/allenabraham106/Desktop/Co-op1/arm-controller/src/arm_controller/install/arm_controller/lib/python3.12/site-packages/arm_controller-0.0.0-py3.12.egg-info/PKG-INFO
[18.656s] -- Installing: /home/allenabraham106/Desktop/Co-op1/arm-controller/src/arm_controller/install/arm_controller/lib/python3.12/site-packages/arm_controller-0.0.0-py3.12.egg-info/dependency_links.txt
[18.656s] -- Installing: /home/allenabraham106/Desktop/Co-op1/arm-controller/src/arm_controller/install/arm_controller/lib/python3.12/site-packages/arm_controller-0.0.0-py3.12.egg-info/SOURCES.txt
[18.656s] -- Installing: /home/allenabraham106/Desktop/Co-op1/arm-controller/src/arm_controller/install/arm_controller/lib/python3.12/site-packages/arm_controller-0.0.0-py3.12.egg-info/top_level.txt
[18.656s] -- Installing: /home/allenabraham106/Desktop/Co-op1/arm-controller/src/arm_controller/install/arm_controller/lib/python3.12/site-packages/arm_controller
[18.656s] -- Installing: /home/allenabraham106/Desktop/Co-op1/arm-controller/src/arm_controller/install/arm_controller/lib/python3.12/site-packages/arm_controller/_arm_controller_s.ep.rosidl_typesupport_fastrtps_c.c
[18.656s] -- Installing: /home/allenabraham106/Desktop/Co-op1/arm-controller/src/arm_controller/install/arm_controller/lib/python3.12/site-packages/arm_controller/arm_controller_s__rosidl_typesupport_introspection_c.so
[18.657s] -- Installing: /home/allenabraham106/Desktop/Co-op1/arm-controller/src/arm_controller/install/arm_controller/lib/python3.12/site-packages/arm_controller/_arm_controller_s.ep.rosidl_typesupport_c.c
[18.657s] -- Installing: /home/allenabraham106/Desktop/Co-op1/arm-controller/src/arm_controller/install/arm_controller/lib/python3.12/site-packages/arm_controller/__init__.py
[18.657s] -- Installing: /home/allenabraham106/Desktop/Co-op1/arm-controller/src/arm_controller/install/arm_controller/lib/python3.12/site-packages/arm_controller/arm_controller_s__rosidl_typesupport_c.so
[18.657s] -- Installing: /home/allenabraham106/Desktop/Co-op1/arm-controller/src/arm_controller/install/arm_controller/lib/python3.12/site-packages/arm_controller/arm_controller_s__rosidl_typesupport_fastrtps_c.so
[18.658s] -- Installing: /home/allenabraham106/Desktop/Co-op1/arm-controller/src/arm_controller/install/arm_controller/lib/python3.12/site-packages/arm_controller/msg
[18.658s] -- Installing: /home/allenabraham106/Desktop/Co-op1/arm-controller/src/arm_controller/install/arm_controller/lib/python3.12/site-packages/arm_controller/msg/__init__.py
[18.658s] -- Installing: /home/allenabraham106/Desktop/Co-op1/arm-controller/src/arm_controller/install/arm_controller/lib/python3.12/site-packages/arm_controller/msg/_waypoint_command_s.c
[18.658s] -- Installing: /home/allenabraham106/Desktop/Co-op1/arm-controller/src/arm_controller/install/arm_controller/lib/python3.12/site-packages/arm_controller/msg/_waypoint_command.py
[18.658s] -- Installing: /home/allenabraham106/Desktop/Co-op1/arm-controller/src/arm_controller/install/arm_controller/lib/python3.12/site-packages/arm_controller/_arm_controller_s.ep.rosidl_typesupport_introspection_c.c
[18.681s] Listing '/home/allenabraham106/Desktop/Co-op1/arm-controller/src/arm_controller/install/arm_controller/lib/python3.12/site-packages/arm_controller'...
[18.681s] Compiling '/home/allenabraham106/Desktop/Co-op1/arm-controller/src/arm_controller/install/arm_controller/lib/python3.12/site-packages/arm_controller/__init__.py'...
[18.682s] Listing '/home/allenabraham106/Desktop/Co-op1/arm-controller/src/arm_controller/install/arm_controller/lib/python3.12/site-packages/arm_controller/msg'...
[18.682s] Compiling '/home/allenabraham106/Desktop/Co-op1/arm-controller/src/arm_controller/install/arm_controller/lib/python3.12/site-packages/arm_controller/msg/__init__.py'...
[18.682s] Compiling '/home/allenabraham106/Desktop/Co-op1/arm-controller/src/arm_controller/install/arm_controller/lib/python3.12/site-packages/arm_controller/msg/_waypoint_command.py'...
[18.685s] -- Installing: /home/allenabraham106/Desktop/Co-op1/arm-controller/src/arm_controller/install/arm_controller/lib/python3.12/site-packages/arm_controller/arm_controller_s__rosidl_typesupport_fastrtps_c.so
[18.685s] -- Set non-toolchain portion of runtime path of "/home/allenabraham106/Desktop/Co-op1/arm-controller/src/arm_controller/install/arm_controller/lib/python3.12/site-packages/arm_controller/arm_controller_s__rosidl_typesupport_fastrtps_c.so" to ""
[18.685s] -- Installing: /home/allenabraham106/Desktop/Co-op1/arm-controller/src/arm_controller/install/arm_controller/lib/python3.12/site-packages/arm_controller/arm_controller_s__rosidl_typesupport_introspection_c.so
[18.685s] -- Set non-toolchain portion of runtime path of "/home/allenabraham106/Desktop/Co-op1/arm-controller/src/arm_controller/install/arm_controller/lib/python3.12/site-packages/arm_controller/arm_controller_s__rosidl_typesupport_introspection_c.so" to ""
[18.685s] -- Installing: /home/allenabraham106/Desktop/Co-op1/arm-controller/src/arm_controller/install/arm_controller/lib/python3.12/site-packages/arm_controller/arm_controller_s__rosidl_typesupport_c.so
[18.686s] -- Set non-toolchain portion of runtime path of "/home/allenabraham106/Desktop/Co-op1/arm-controller/src/arm_controller/install/arm_controller/lib/python3.12/site-packages/arm_controller/arm_controller_s__rosidl_typesupport_c.so" to ""
[18.686s] -- Installing: /home/allenabraham106/Desktop/Co-op1/arm-controller/src/arm_controller/install/arm_controller/lib/libarm_controller__rosidl_generator_py.so
[18.687s] -- Set non-toolchain portion of runtime path of "/home/allenabraham106/Desktop/Co-op1/arm-controller/src/arm_controller/install/arm_controller/lib/libarm_controller__rosidl_generator_py.so" to ""
[18.687s] -- Installing: /home/allenabraham106/Desktop/Co-op1/arm-controller/src/arm_controller/install/arm_controller/share/ament_index/resource_index/rust_packages/arm_controller
[18.687s] -- Installing: /home/allenabraham106/Desktop/Co-op1/arm-controller/src/arm_controller/install/arm_controller/share/arm_controller/rust
[18.687s] -- Installing: /home/allenabraham106/Desktop/Co-op1/arm-controller/src/arm_controller/install/arm_controller/share/arm_controller/rust/src
[18.687s] -- Installing: /home/allenabraham106/Desktop/Co-op1/arm-controller/src/arm_controller/install/arm_controller/share/arm_controller/rust/src/lib.rs
[18.687s] -- Installing: /home/allenabraham106/Desktop/Co-op1/arm-controller/src/arm_controller/install/arm_controller/share/arm_controller/rust/src/msg.rs
[18.687s] -- Installing: /home/allenabraham106/Desktop/Co-op1/arm-controller/src/arm_controller/install/arm_controller/share/arm_controller/rust/src/msg
[18.687s] -- Installing: /home/allenabraham106/Desktop/Co-op1/arm-controller/src/arm_controller/install/arm_controller/share/arm_controller/rust/src/msg/rmw.rs
[18.687s] -- Installing: /home/allenabraham106/Desktop/Co-op1/arm-controller/src/arm_controller/install/arm_controller/share/arm_controller/rust/build.rs
[18.687s] -- Installing: /home/allenabraham106/Desktop/Co-op1/arm-controller/src/arm_controller/install/arm_controller/share/arm_controller/rust/Cargo.toml
[18.687s] -- Installing: /home/allenabraham106/Desktop/Co-op1/arm-controller/src/arm_controller/install/arm_controller/share/arm_controller/msg/WaypointCommand.idl
[18.687s] -- Installing: /home/allenabraham106/Desktop/Co-op1/arm-controller/src/arm_controller/install/arm_controller/share/arm_controller/msg/WaypointCommand.msg
[18.687s] -- Installing: /home/allenabraham106/Desktop/Co-op1/arm-controller/src/arm_controller/install/arm_controller/lib/arm_controller/libarm_controller_lib.so
[18.712s] -- Set non-toolchain portion of runtime path of "/home/allenabraham106/Desktop/Co-op1/arm-controller/src/arm_controller/install/arm_controller/lib/arm_controller/libarm_controller_lib.so" to ""
[18.713s] -- Installing: /home/allenabraham106/Desktop/Co-op1/arm-controller/src/arm_controller/install/arm_controller/lib/arm_controller/arm_lifecycle_node
[18.715s] -- Set non-toolchain portion of runtime path of "/home/allenabraham106/Desktop/Co-op1/arm-controller/src/arm_controller/install/arm_controller/lib/arm_controller/arm_lifecycle_node" to ""
[18.716s] -- Installing: /home/allenabraham106/Desktop/Co-op1/arm-controller/src/arm_controller/install/arm_controller/lib/arm_controller/terminal_controller
[18.716s] -- Set non-toolchain portion of runtime path of "/home/allenabraham106/Desktop/Co-op1/arm-controller/src/arm_controller/install/arm_controller/lib/arm_controller/terminal_controller" to ""
[18.716s] -- Up-to-date: /home/allenabraham106/Desktop/Co-op1/arm-controller/src/arm_controller/install/arm_controller/include
[18.716s] -- Up-to-date: /home/allenabraham106/Desktop/Co-op1/arm-controller/src/arm_controller/install/arm_controller/include/arm_controller
[18.716s] -- Installing: /home/allenabraham106/Desktop/Co-op1/arm-controller/src/arm_controller/install/arm_controller/include/arm_controller/arm_controller.hpp
[18.716s] -- Installing: /home/allenabraham106/Desktop/Co-op1/arm-controller/src/arm_controller/install/arm_controller/share/ament_index/resource_index/package_run_dependencies/arm_controller
[18.716s] -- Up-to-date: /home/allenabraham106/Desktop/Co-op1/arm-controller/src/arm_controller/install/arm_controller/share/ament_index/resource_index/parent_prefix_path/arm_controller
[18.716s] -- Installing: /home/allenabraham106/Desktop/Co-op1/arm-controller/src/arm_controller/install/arm_controller/share/arm_controller/environment/ament_prefix_path.sh
[18.717s] -- Up-to-date: /home/allenabraham106/Desktop/Co-op1/arm-controller/src/arm_controller/install/arm_controller/share/arm_controller/environment/ament_prefix_path.dsv
[18.717s] -- Installing: /home/allenabraham106/Desktop/Co-op1/arm-controller/src/arm_controller/install/arm_controller/share/arm_controller/environment/path.sh
[18.717s] -- Up-to-date: /home/allenabraham106/Desktop/Co-op1/arm-controller/src/arm_controller/install/arm_controller/share/arm_controller/environment/path.dsv
[18.717s] -- Up-to-date: /home/allenabraham106/Desktop/Co-op1/arm-controller/src/arm_controller/install/arm_controller/share/arm_controller/local_setup.bash
[18.717s] -- Installing: /home/allenabraham106/Desktop/Co-op1/arm-controller/src/arm_controller/install/arm_controller/share/arm_controller/local_setup.sh
[18.717s] -- Up-to-date: /home/allenabraham106/Desktop/Co-op1/arm-controller/src/arm_controller/install/arm_controller/share/arm_controller/local_setup.zsh
[18.717s] -- Installing: /home/allenabraham106/Desktop/Co-op1/arm-controller/src/arm_controller/install/arm_controller/share/arm_controller/local_setup.dsv
[18.717s] -- Up-to-date: /home/allenabraham106/Desktop/Co-op1/arm-controller/src/arm_controller/install/arm_controller/share/arm_controller/package.dsv
[18.717s] -- Up-to-date: /home/allenabraham106/Desktop/Co-op1/arm-controller/src/arm_controller/install/arm_controller/share/ament_index/resource_index/packages/arm_controller
[18.717s] -- Installing: /home/allenabraham106/Desktop/Co-op1/arm-controller/src/arm_controller/install/arm_controller/share/arm_controller/cmake/export_arm_controller__rosidl_generator_cExport.cmake
[18.717s] -- Installing: /home/allenabraham106/Desktop/Co-op1/arm-controller/src/arm_controller/install/arm_controller/share/arm_controller/cmake/export_arm_controller__rosidl_generator_cExport-noconfig.cmake
[18.717s] -- Installing: /home/allenabraham106/Desktop/Co-op1/arm-controller/src/arm_controller/install/arm_controller/share/arm_controller/cmake/export_arm_controller__rosidl_typesupport_fastrtps_cExport.cmake
[18.717s] -- Installing: /home/allenabraham106/Desktop/Co-op1/arm-controller/src/arm_controller/install/arm_controller/share/arm_controller/cmake/export_arm_controller__rosidl_typesupport_fastrtps_cExport-noconfig.cmake
[18.717s] -- Installing: /home/allenabraham106/Desktop/Co-op1/arm-controller/src/arm_controller/install/arm_controller/share/arm_controller/cmake/export_arm_controller__rosidl_generator_cppExport.cmake
[18.717s] -- Installing: /home/allenabraham106/Desktop/Co-op1/arm-controller/src/arm_controller/install/arm_controller/share/arm_controller/cmake/export_arm_controller__rosidl_typesupport_fastrtps_cppExport.cmake
[18.718s] -- Installing: /home/allenabraham106/Desktop/Co-op1/arm-controller/src/arm_controller/install/arm_controller/share/arm_controller/cmake/export_arm_controller__rosidl_typesupport_fastrtps_cppExport-noconfig.cmake
[18.718s] -- Installing: /home/allenabraham106/Desktop/Co-op1/arm-controller/src/arm_controller/install/arm_controller/share/arm_controller/cmake/arm_controller__rosidl_typesupport_introspection_cExport.cmake
[18.718s] -- Installing: /home/allenabraham106/Desktop/Co-op1/arm-controller/src/arm_controller/install/arm_controller/share/arm_controller/cmake/arm_controller__rosidl_typesupport_introspection_cExport-noconfig.cmake
[18.718s] -- Installing: /home/allenabraham106/Desktop/Co-op1/arm-controller/src/arm_controller/install/arm_controller/share/arm_controller/cmake/arm_controller__rosidl_typesupport_cExport.cmake
[18.718s] -- Installing: /home/allenabraham106/Desktop/Co-op1/arm-controller/src/arm_controller/install/arm_controller/share/arm_controller/cmake/arm_controller__rosidl_typesupport_cExport-noconfig.cmake
[18.718s] -- Installing: /home/allenabraham106/Desktop/Co-op1/arm-controller/src/arm_controller/install/arm_controller/share/arm_controller/cmake/arm_controller__rosidl_typesupport_introspection_cppExport.cmake
[18.718s] -- Installing: /home/allenabraham106/Desktop/Co-op1/arm-controller/src/arm_controller/install/arm_controller/share/arm_controller/cmake/arm_controller__rosidl_typesupport_introspection_cppExport-noconfig.cmake
[18.718s] -- Installing: /home/allenabraham106/Desktop/Co-op1/arm-controller/src/arm_controller/install/arm_controller/share/arm_controller/cmake/arm_controller__rosidl_typesupport_cppExport.cmake
[18.718s] -- Installing: /home/allenabraham106/Desktop/Co-op1/arm-controller/src/arm_controller/install/arm_controller/share/arm_controller/cmake/arm_controller__rosidl_typesupport_cppExport-noconfig.cmake
[18.718s] -- Installing: /home/allenabraham106/Desktop/Co-op1/arm-controller/src/arm_controller/install/arm_controller/share/arm_controller/cmake/export_arm_controller__rosidl_generator_pyExport.cmake
[18.718s] -- Installing: /home/allenabraham106/Desktop/Co-op1/arm-controller/src/arm_controller/install/arm_controller/share/arm_controller/cmake/export_arm_controller__rosidl_generator_pyExport-noconfig.cmake
[18.718s] -- Installing: /home/allenabraham106/Desktop/Co-op1/arm-controller/src/arm_controller/install/arm_controller/share/arm_controller/cmake/rosidl_cmake-extras.cmake
[18.718s] -- Installing: /home/allenabraham106/Desktop/Co-op1/arm-controller/src/arm_controller/install/arm_controller/share/arm_controller/cmake/ament_cmake_export_dependencies-extras.cmake
[18.718s] -- Installing: /home/allenabraham106/Desktop/Co-op1/arm-controller/src/arm_controller/install/arm_controller/share/arm_controller/cmake/ament_cmake_export_include_directories-extras.cmake
[18.719s] -- Installing: /home/allenabraham106/Desktop/Co-op1/arm-controller/src/arm_controller/install/arm_controller/share/arm_controller/cmake/ament_cmake_export_libraries-extras.cmake
[18.719s] -- Installing: /home/allenabraham106/Desktop/Co-op1/arm-controller/src/arm_controller/install/arm_controller/share/arm_controller/cmake/ament_cmake_export_targets-extras.cmake
[18.719s] -- Installing: /home/allenabraham106/Desktop/Co-op1/arm-controller/src/arm_controller/install/arm_controller/share/arm_controller/cmake/rosidl_cmake_export_typesupport_targets-extras.cmake
[18.719s] -- Installing: /home/allenabraham106/Desktop/Co-op1/arm-controller/src/arm_controller/install/arm_controller/share/arm_controller/cmake/rosidl_cmake_export_typesupport_libraries-extras.cmake
[18.719s] -- Installing: /home/allenabraham106/Desktop/Co-op1/arm-controller/src/arm_controller/install/arm_controller/share/arm_controller/cmake/arm_controllerConfig.cmake
[18.719s] -- Up-to-date: /home/allenabraham106/Desktop/Co-op1/arm-controller/src/arm_controller/install/arm_controller/share/arm_controller/cmake/arm_controllerConfig-version.cmake
[18.719s] -- Installing: /home/allenabraham106/Desktop/Co-op1/arm-controller/src/arm_controller/install/arm_controller/share/arm_controller/package.xml
[18.719s] -- Up-to-date: /home/allenabraham106/Desktop/Co-op1/arm-controller/src/arm_controller/install/arm_controller/share/arm_controller/launch
[18.719s] -- Installing: /home/allenabraham106/Desktop/Co-op1/arm-controller/src/arm_controller/install/arm_controller/share/arm_controller/launch/arm_lifecycle.launch.py
[18.723s] Invoked command in '/home/allenabraham106/Desktop/Co-op1/arm-controller/src/arm_controller/build/arm_controller' returned '0': CMAKE_PREFIX_PATH=${CMAKE_PREFIX_PATH}:/opt/ros/jazzy DEBUGINFOD_URLS=https://debuginfod.ubuntu.com /usr/bin/cmake --install /home/allenabraham106/Desktop/Co-op1/arm-controller/src/arm_controller/build/arm_controller
