[  2%] Built target arm_controller__rosidl_generator_type_description
[  4%] Built target arm_controller__rs
[  4%] Built target ament_cmake_python_copy_arm_controller
[  7%] Built target arm_controller__cpp
[  9%] [32mBuilding CXX object CMakeFiles/arm_controller_lib.dir/src/arm_controller.cpp.o[0m
[ 21%] Built target arm_controller__rosidl_generator_c
[ 29%] Built target arm_controller__rosidl_typesupport_fastrtps_cpp
[ 36%] Built target arm_controller__rosidl_typesupport_fastrtps_c
[ 43%] Built target arm_controller__rosidl_typesupport_introspection_c
[ 51%] Built target arm_controller__rosidl_typesupport_c
[ 58%] Built target arm_controller__rosidl_typesupport_introspection_cpp
[ 65%] Built target arm_controller__rosidl_typesupport_cpp
[ 65%] Built target arm_controller
[ 68%] Built target arm_controller__py
[ 73%] Built target arm_controller__rosidl_generator_py
[ 78%] Built target arm_controller_s__rosidl_typesupport_introspection_c
[ 82%] Built target arm_controller_s__rosidl_typesupport_fastrtps_c
[ 87%] Built target arm_controller_s__rosidl_typesupport_c
running egg_info
writing arm_controller.egg-info/PKG-INFO
writing dependency_links to arm_controller.egg-info/dependency_links.txt
writing top-level names to arm_controller.egg-info/top_level.txt
reading manifest file 'arm_controller.egg-info/SOURCES.txt'
writing manifest file 'arm_controller.egg-info/SOURCES.txt'
[ 87%] Built target ament_cmake_python_build_arm_controller_egg
In file included from [01m[K/home/allenabraham106/Desktop/Co-op1/arm-controller/src/arm_controller/src/arm_controller.cpp:1[m[K:
[01m[K/home/allenabraham106/Desktop/Co-op1/arm-controller/src/arm_controller/include/arm_controller/arm_controller.hpp:12:10:[m[K [01;31m[Kfatal error: [m[Karm_controller/msg/waypoint_command.hpp: No such file or directory
   12 | #include [01;31m[K"arm_controller/msg/waypoint_command.hpp"[m[K
      |          [01;31m[K^~~~~~~~~~~~~~~~~~~~~~~~~~~~~~~~~~~~~~~~~[m[K
compilation terminated.
gmake[2]: *** [CMakeFiles/arm_controller_lib.dir/build.make:76: CMakeFiles/arm_controller_lib.dir/src/arm_controller.cpp.o] Error 1
gmake[1]: *** [CMakeFiles/Makefile2:646: CMakeFiles/arm_controller_lib.dir/all] Error 2
gmake: *** [Makefile:146: all] Error 2
