[  2%] Built target arm_controller__rosidl_generator_type_description
[  4%] Built target arm_controller__rs
[  4%] Built target ament_cmake_python_copy_arm_controller
[  7%] Built target arm_controller__cpp
[ 19%] Built target arm_controller__rosidl_generator_c
[ 29%] Built target arm_controller__rosidl_typesupport_fastrtps_cpp
[ 39%] Built target arm_controller__rosidl_typesupport_fastrtps_c
[ 41%] Built target arm_controller__rosidl_typesupport_introspection_c
[ 48%] Built target arm_controller__rosidl_typesupport_c
[ 58%] Built target arm_controller__rosidl_typesupport_introspection_cpp
[ 63%] Built target arm_controller__rosidl_typesupport_cpp
[ 63%] Built target arm_controller
[ 65%] Built target arm_controller__py
[ 68%] [32mBuilding CXX object CMakeFiles/arm_controller_lib.dir/src/arm_controller.cpp.o[0m
[ 73%] Built target arm_controller__rosidl_generator_py
[ 78%] Built target arm_controller_s__rosidl_typesupport_fastrtps_c
[ 82%] Built target arm_controller_s__rosidl_typesupport_introspection_c
[ 87%] Built target arm_controller_s__rosidl_typesupport_c
running egg_info
writing arm_controller.egg-info/PKG-INFO
writing dependency_links to arm_controller.egg-info/dependency_links.txt
writing top-level names to arm_controller.egg-info/top_level.txt
reading manifest file 'arm_controller.egg-info/SOURCES.txt'
writing manifest file 'arm_controller.egg-info/SOURCES.txt'
[ 87%] Built target ament_cmake_python_build_arm_controller_egg
