[0.007s] Invoking command in '/home/allenabraham106/Desktop/Co-op1/arm-controller/src/arm_controller/build/arm_controller': CMAKE_PREFIX_PATH=${CMAKE_PREFIX_PATH}:/opt/ros/jazzy DEBUGINFOD_URLS=https://debuginfod.ubuntu.com /usr/bin/cmake --build /home/allenabraham106/Desktop/Co-op1/arm-controller/src/arm_controller/build/arm_controller -- -j4 -l4
[0.053s] [  2%] Built target arm_controller__rosidl_generator_type_description
[0.054s] [  4%] Built target arm_controller__rs
[0.058s] [  4%] Built target ament_cmake_python_copy_arm_controller
[0.065s] [  7%] Built target arm_controller__cpp
[0.065s] [ 19%] Built target arm_controller__rosidl_generator_c
[0.076s] [ 29%] Built target arm_controller__rosidl_typesupport_fastrtps_cpp
[0.078s] [ 39%] Built target arm_controller__rosidl_typesupport_fastrtps_c
[0.078s] [ 41%] Built target arm_controller__rosidl_typesupport_introspection_c
[0.090s] [ 48%] Built target arm_controller__rosidl_typesupport_c
[0.090s] [ 58%] Built target arm_controller__rosidl_typesupport_introspection_cpp
[0.090s] [ 63%] Built target arm_controller__rosidl_typesupport_cpp
[0.099s] [ 63%] Built target arm_controller
[0.109s] [ 65%] Built target arm_controller__py
[0.118s] [ 68%] [32mBuilding CXX object CMakeFiles/arm_controller_lib.dir/src/arm_controller.cpp.o[0m
[0.125s] [ 73%] Built target arm_controller__rosidl_generator_py
[0.137s] [ 78%] Built target arm_controller_s__rosidl_typesupport_fastrtps_c
[0.138s] [ 82%] Built target arm_controller_s__rosidl_typesupport_introspection_c
[0.147s] [ 87%] Built target arm_controller_s__rosidl_typesupport_c
[0.179s] running egg_info
[0.189s] writing arm_controller.egg-info/PKG-INFO
[0.189s] writing dependency_links to arm_controller.egg-info/dependency_links.txt
[0.189s] writing top-level names to arm_controller.egg-info/top_level.txt
[0.220s] reading manifest file 'arm_controller.egg-info/SOURCES.txt'
[0.220s] writing manifest file 'arm_controller.egg-info/SOURCES.txt'
[0.236s] [ 87%] Built target ament_cmake_python_build_arm_controller_egg
[1.512s] In file included from [01m[K/home/allenabraham106/Desktop/Co-op1/arm-controller/src/arm_controller/include/arm_controller/arm_controller.hpp:5[m[K,
[1.512s]                  from [01m[K/home/allenabraham106/Desktop/Co-op1/arm-controller/src/arm_controller/src/arm_controller.cpp:1[m[K:
[1.512s] [01m[K/opt/ros/jazzy/include/moveit_ros_planning_interface/moveit/move_group_interface/move_group_interface.h:51:77:[m[K [01;36m[Knote: [m[K‘[01m[K#pragma message: .h header is obsolete. Please use the .hpp header instead.[m[K’
[1.513s]    51 | #pragma message(".h header is obsolete. Please use the .hpp header instead."[01;36m[K)[m[K
[1.513s]       |                                                                             [01;36m[K^[m[K
[2.916s] [01m[K/home/allenabraham106/Desktop/Co-op1/arm-controller/src/arm_controller/src/arm_controller.cpp:[m[K In member function ‘[01m[Kbool ArmController::[01;32m[KexecuteWaypoints[m[K()[m[K’:
[2.917s] [01m[K/home/allenabraham106/Desktop/Co-op1/arm-controller/src/arm_controller/src/arm_controller.cpp:143:56:[m[K [01;35m[Kwarning: [m[K‘[01m[Kdouble moveit::planning_interface::MoveGroupInterface::[01;32m[KcomputeCartesianPath[m[K(const std::vector<geometry_msgs::msg::Pose_<std::allocator<void> > >&, double, double, moveit_msgs::msg::RobotTrajectory&, bool, moveit_msgs::msg::MoveItErrorCodes*)[m[K’ is deprecated: Drop jump_threshold [[01;35m[K]8;;https://gcc.gnu.org/onlinedocs/gcc/Warning-Options.html#index-Wdeprecated-declarations-Wdeprecated-declarations]8;;[m[K]
[2.917s]   143 |     double fraction = [01;35m[Kmove_group_->computeCartesianPath([m[K
[2.917s]       |                       [01;35m[K~~~~~~~~~~~~~~~~~~~~~~~~~~~~~~~~~^[m[K
[2.917s]   144 | [01;35m[K        waypoints_,[m[K
[2.917s]       |         [01;35m[K~~~~~~~~~~~[m[K                                     
[2.917s]   145 | [01;35m[K        0.01,[m[K
[2.917s]       |         [01;35m[K~~~~~[m[K                                           
[2.917s]   146 | [01;35m[K        0.0,[m[K
[2.917s]       |         [01;35m[K~~~~[m[K                                            
[2.917s]   147 | [01;35m[K        trajectory,[m[K
[2.917s]       |         [01;35m[K~~~~~~~~~~~[m[K                                     
[2.917s]   148 | [01;35m[K        true,[m[K
[2.917s]       |         [01;35m[K~~~~~[m[K                                           
[2.917s]   149 | [01;35m[K        &error_code[m[K
[2.917s]       |         [01;35m[K~~~~~~~~~~~[m[K                                     
[2.917s]   150 | [01;35m[K    )[m[K;
[2.918s]       |     [01;35m[K~[m[K                                                   
[2.918s] In file included from [01m[K/opt/ros/jazzy/include/moveit_ros_planning_interface/moveit/move_group_interface/move_group_interface.h:52[m[K:
[2.918s] [01m[K/opt/ros/jazzy/include/moveit_ros_planning_interface/moveit/move_group_interface/move_group_interface.hpp:765:3:[m[K [01;36m[Knote: [m[Kdeclared here
[2.918s]   765 |   [01;36m[KcomputeCartesianPath[m[K(const std::vector<geometry_msgs::msg::Pose>& waypoints, double eef_step,
[2.918s]       |   [01;36m[K^~~~~~~~~~~~~~~~~~~~[m[K
[2.921s] [01m[K/home/allenabraham106/Desktop/Co-op1/arm-controller/src/arm_controller/src/arm_controller.cpp:[m[K At global scope:
[2.921s] [01m[K/home/allenabraham106/Desktop/Co-op1/arm-controller/src/arm_controller/src/arm_controller.cpp:235:59:[m[K [01;31m[Kerror: [m[K‘[01m[KInt32[m[K’ in namespace ‘[01m[Kstd_msgs::msg[m[K’ does not name a type
[2.921s]   235 | void ArmController::onRemoveWaypoint(const std_msgs::msg::[01;31m[KInt32[m[K::SharedPtr msg){
[2.921s]       |                                                           [01;31m[K^~~~~[m[K
[2.921s] [01m[K/home/allenabraham106/Desktop/Co-op1/arm-controller/src/arm_controller/src/arm_controller.cpp:235:76:[m[K [01;31m[Kerror: [m[Kexpected unqualified-id before ‘[01m[Kmsg[m[K’
[2.921s]   235 | void ArmController::onRemoveWaypoint(const std_msgs::msg::Int32::SharedPtr [01;31m[Kmsg[m[K){
[2.921s]       |                                                                            [01;31m[K^~~[m[K
[2.921s] [01m[K/home/allenabraham106/Desktop/Co-op1/arm-controller/src/arm_controller/src/arm_controller.cpp:235:75:[m[K [01;31m[Kerror: [m[Kexpected ‘[01m[K)[m[K’ before ‘[01m[Kmsg[m[K’
[2.921s]   235 | void ArmController::onRemoveWaypoint[34m[K([m[Kconst std_msgs::msg::Int32::SharedPtr[01;31m[K [m[K[32m[Kmsg[m[K){
[2.921s]       |                                     [34m[K~[m[K                                     [01;31m[K^[m[K[32m[K~~~[m[K
[2.921s]       |                                                                           [32m[K)[m[K
[2.921s] [01m[K/home/allenabraham106/Desktop/Co-op1/arm-controller/src/arm_controller/src/arm_controller.cpp:235:76:[m[K [01;31m[Kerror: [m[Kexpected initializer before ‘[01m[Kmsg[m[K’
[2.921s]   235 | void ArmController::onRemoveWaypoint(const std_msgs::msg::Int32::SharedPtr [01;31m[Kmsg[m[K){
[2.921s]       |                                                                            [01;31m[K^~~[m[K
[6.952s] gmake[2]: *** [CMakeFiles/arm_controller_lib.dir/build.make:76: CMakeFiles/arm_controller_lib.dir/src/arm_controller.cpp.o] Error 1
[6.953s] gmake[1]: *** [CMakeFiles/Makefile2:648: CMakeFiles/arm_controller_lib.dir/all] Error 2
[6.953s] gmake: *** [Makefile:146: all] Error 2
[6.959s] Invoked command in '/home/allenabraham106/Desktop/Co-op1/arm-controller/src/arm_controller/build/arm_controller' returned '2': CMAKE_PREFIX_PATH=${CMAKE_PREFIX_PATH}:/opt/ros/jazzy DEBUGINFOD_URLS=https://debuginfod.ubuntu.com /usr/bin/cmake --build /home/allenabraham106/Desktop/Co-op1/arm-controller/src/arm_controller/build/arm_controller -- -j4 -l4
