[0.008s] Invoking command in '/home/allenabraham106/Desktop/Co-op1/arm-controller/src/arm_controller/build/arm_controller': CMAKE_PREFIX_PATH=${CMAKE_PREFIX_PATH}:/opt/ros/jazzy DEBUGINFOD_URLS=https://debuginfod.ubuntu.com /usr/bin/cmake /home/allenabraham106/Desktop/Co-op1/arm-controller/src/arm_controller -DCMAKE_INSTALL_PREFIX=/home/allenabraham106/Desktop/Co-op1/arm-controller/src/arm_controller/install/arm_controller
[0.154s] -- The C compiler identification is GNU 13.3.0
[0.297s] -- The CXX compiler identification is GNU 13.3.0
[0.312s] -- Detecting C compiler ABI info
[0.376s] -- Detecting C compiler ABI info - done
[0.380s] -- Check for working C compiler: /usr/bin/cc - skipped
[0.381s] -- Detecting C compile features
[0.381s] -- Detecting C compile features - done
[0.386s] -- Detecting CXX compiler ABI info
[0.460s] -- Detecting CXX compiler ABI info - done
[0.467s] -- Check for working CXX compiler: /usr/bin/c++ - skipped
[0.467s] -- Detecting CXX compile features
[0.467s] -- Detecting CXX compile features - done
[0.484s] -- Found ament_cmake: 2.5.6 (/opt/ros/jazzy/share/ament_cmake/cmake)
[0.575s] -- Found Python3: /usr/bin/python3 (found version "3.12.3") found components: Interpreter 
[0.656s] -- Found rclcpp: 28.1.18 (/opt/ros/jazzy/share/rclcpp/cmake)
[0.693s] -- Found rosidl_generator_c: 4.6.7 (/opt/ros/jazzy/share/rosidl_generator_c/cmake)
[0.705s] -- Found rosidl_generator_cpp: 4.6.7 (/opt/ros/jazzy/share/rosidl_generator_cpp/cmake)
[0.718s] -- Using all available rosidl_typesupport_c: rosidl_typesupport_fastrtps_c;rosidl_typesupport_introspection_c
[0.734s] -- Using all available rosidl_typesupport_cpp: rosidl_typesupport_fastrtps_cpp;rosidl_typesupport_introspection_cpp
[0.788s] -- Found rmw_implementation_cmake: 7.3.3 (/opt/ros/jazzy/share/rmw_implementation_cmake/cmake)
[0.790s] -- Found rmw_fastrtps_cpp: 8.4.3 (/opt/ros/jazzy/share/rmw_fastrtps_cpp/cmake)
[0.856s] -- Found OpenSSL: /usr/lib/aarch64-linux-gnu/libcrypto.so (found version "3.0.13")  
[0.866s] -- Found FastRTPS: /opt/ros/jazzy/include (Required is at least version "2.13") 
[0.878s] -- Using RMW implementation 'rmw_fastrtps_cpp' as default
[0.923s] -- Found rclcpp_lifecycle: 28.1.18 (/opt/ros/jazzy/share/rclcpp_lifecycle/cmake)
[0.940s] -- Found moveit_ros_planning_interface: 2.12.4 (/opt/ros/jazzy/share/moveit_ros_planning_interface/cmake)
[1.050s] -- Found Boost: /usr/lib/aarch64-linux-gnu/cmake/Boost-1.83.0/BoostConfig.cmake (found version "1.83.0") found components: date_time filesystem program_options system thread 
[1.213s] -- Found Boost: /usr/lib/aarch64-linux-gnu/cmake/Boost-1.83.0/BoostConfig.cmake (found version "1.83.0") found components: chrono date_time filesystem iostreams program_options regex serialization system thread 
[1.260s] -- Found parameter_traits: 0.7.1 (/opt/ros/jazzy/share/parameter_traits/cmake)
[1.274s] -- Found Boost: /usr/lib/aarch64-linux-gnu/cmake/Boost-1.83.0/BoostConfig.cmake (found version "1.83.0") found components: filesystem 
[1.319s] -- Found Eigen3: TRUE (found version "3.4.0") 
[1.319s] -- Ensuring Eigen3 include directory is part of orocos-kdl CMake target
[1.423s] -- Found Boost: /usr/lib/aarch64-linux-gnu/cmake/Boost-1.83.0/BoostConfig.cmake (found version "1.83.0") found components: system filesystem date_time program_options thread chrono 
[1.453s] -- Found Boost: /usr/lib/aarch64-linux-gnu/cmake/Boost-1.83.0/BoostConfig.cmake (found version "1.83.0") found components: thread system filesystem regex date_time program_options 
[1.469s] -- Found Boost: /usr/lib/aarch64-linux-gnu/cmake/Boost-1.83.0/BoostConfig.cmake (found version "1.83.0") found components: system filesystem date_time program_options thread 
[1.566s] -- Configuring done (1.5s)
[1.591s] -- Generating done (0.0s)
[1.597s] -- Build files have been written to: /home/allenabraham106/Desktop/Co-op1/arm-controller/src/arm_controller/build/arm_controller
[1.606s] Invoked command in '/home/allenabraham106/Desktop/Co-op1/arm-controller/src/arm_controller/build/arm_controller' returned '0': CMAKE_PREFIX_PATH=${CMAKE_PREFIX_PATH}:/opt/ros/jazzy DEBUGINFOD_URLS=https://debuginfod.ubuntu.com /usr/bin/cmake /home/allenabraham106/Desktop/Co-op1/arm-controller/src/arm_controller -DCMAKE_INSTALL_PREFIX=/home/allenabraham106/Desktop/Co-op1/arm-controller/src/arm_controller/install/arm_controller
[1.607s] Invoking command in '/home/allenabraham106/Desktop/Co-op1/arm-controller/src/arm_controller/build/arm_controller': CMAKE_PREFIX_PATH=${CMAKE_PREFIX_PATH}:/opt/ros/jazzy DEBUGINFOD_URLS=https://debuginfod.ubuntu.com /usr/bin/cmake --build /home/allenabraham106/Desktop/Co-op1/arm-controller/src/arm_controller/build/arm_controller -- -j4 -l4
[1.656s] [ 25%] [32mBuilding CXX object CMakeFiles/arm_controller_lib.dir/src/arm_controller.cpp.o[0m
[3.931s] In file included from [01m[K/home/allenabraham106/Desktop/Co-op1/arm-controller/src/arm_controller/include/arm_controller/arm_controller.hpp:4[m[K,
[3.931s]                  from [01m[K/home/allenabraham106/Desktop/Co-op1/arm-controller/src/arm_controller/src/arm_controller.cpp:1[m[K:
[3.931s] [01m[K/opt/ros/jazzy/include/moveit_ros_planning_interface/moveit/move_group_interface/move_group_interface.h:51:77:[m[K [01;36m[Knote: [m[K‘[01m[K#pragma message: .h header is obsolete. Please use the .hpp header instead.[m[K’
[3.931s]    51 | a message(".h header is obsolete. Please use the .hpp header instead."[01;36m[K)[m[K
[3.931s]       |                                                                       [01;36m[K^[m[K
[3.931s] 
[5.587s] [01m[K/home/allenabraham106/Desktop/Co-op1/arm-controller/src/arm_controller/src/arm_controller.cpp:[m[K In member function ‘[01m[Kbool ArmController::[01;32m[KexecuteWaypoints[m[K()[m[K’:
[5.587s] [01m[K/home/allenabraham106/Desktop/Co-op1/arm-controller/src/arm_controller/src/arm_controller.cpp:111:56:[m[K [01;35m[Kwarning: [m[K‘[01m[Kdouble moveit::planning_interface::MoveGroupInterface::[01;32m[KcomputeCartesianPath[m[K(const std::vector<geometry_msgs::msg::Pose_<std::allocator<void> > >&, double, double, moveit_msgs::msg::RobotTrajectory&, bool, moveit_msgs::msg::MoveItErrorCodes*)[m[K’ is deprecated: Drop jump_threshold [[01;35m[K]8;;https://gcc.gnu.org/onlinedocs/gcc/Warning-Options.html#index-Wdeprecated-declarations-Wdeprecated-declarations]8;;[m[K]
[5.587s]   111 |     double fraction = [01;35m[Kmove_group_->computeCartesianPath([m[K
[5.587s]       |                       [01;35m[K~~~~~~~~~~~~~~~~~~~~~~~~~~~~~~~~~^[m[K
[5.587s]   112 | [01;35m[K        waypoints_,[m[K
[5.587s]       |         [01;35m[K~~~~~~~~~~~[m[K                                     
[5.587s]   113 | [01;35m[K        0.01,[m[K
[5.587s]       |         [01;35m[K~~~~~[m[K                                           
[5.587s]   114 | [01;35m[K        0.0,[m[K
[5.587s]       |         [01;35m[K~~~~[m[K                                            
[5.587s]   115 | [01;35m[K        trajectory,[m[K
[5.587s]       |         [01;35m[K~~~~~~~~~~~[m[K                                     
[5.587s]   116 | [01;35m[K        true,[m[K
[5.587s]       |         [01;35m[K~~~~~[m[K                                           
[5.587s]   117 | [01;35m[K        &error_code[m[K
[5.587s]       |         [01;35m[K~~~~~~~~~~~[m[K                                     
[5.587s]   118 | [01;35m[K    )[m[K;
[5.587s]       |     [01;35m[K~[m[K                                                   
[5.587s] In file included from [01m[K/opt/ros/jazzy/include/moveit_ros_planning_interface/moveit/move_group_interface/move_group_interface.h:52[m[K:
[5.587s] [01m[K/opt/ros/jazzy/include/moveit_ros_planning_interface/moveit/move_group_interface/move_group_interface.hpp:765:3:[m[K [01;36m[Knote: [m[Kdeclared here
[5.587s]   765 |   [01;36m[KcomputeCartesianPath[m[K(const std::vector<geometry_msgs::msg::Pose>& waypoints, double eef_step,
[5.587s]       |   [01;36m[K^~~~~~~~~~~~~~~~~~~~[m[K
[17.520s] [ 50%] [32m[1mLinking CXX static library libarm_controller_lib.a[0m
[17.714s] [ 50%] Built target arm_controller_lib
[17.728s] [ 75%] [32mBuilding CXX object CMakeFiles/arm_lifecycle_node.dir/src/arm_lifecycle_node.cpp.o[0m
[19.473s] In file included from [01m[K/home/allenabraham106/Desktop/Co-op1/arm-controller/src/arm_controller/include/arm_controller/arm_controller.hpp:4[m[K,
[19.474s]                  from [01m[K/home/allenabraham106/Desktop/Co-op1/arm-controller/src/arm_controller/src/arm_lifecycle_node.cpp:5[m[K:
[19.474s] [01m[K/opt/ros/jazzy/include/moveit_ros_planning_interface/moveit/move_group_interface/move_group_interface.h:51:77:[m[K [01;36m[Knote: [m[K‘[01m[K#pragma message: .h header is obsolete. Please use the .hpp header instead.[m[K’
[19.474s]    51 | a message(".h header is obsolete. Please use the .hpp header instead."[01;36m[K)[m[K
[19.474s]       |                                                                       [01;36m[K^[m[K
[19.474s] 
[22.670s] [100%] [32m[1mLinking CXX executable arm_lifecycle_node[0m
[23.423s] [100%] Built target arm_lifecycle_node
[23.441s] Invoked command in '/home/allenabraham106/Desktop/Co-op1/arm-controller/src/arm_controller/build/arm_controller' returned '0': CMAKE_PREFIX_PATH=${CMAKE_PREFIX_PATH}:/opt/ros/jazzy DEBUGINFOD_URLS=https://debuginfod.ubuntu.com /usr/bin/cmake --build /home/allenabraham106/Desktop/Co-op1/arm-controller/src/arm_controller/build/arm_controller -- -j4 -l4
[23.449s] Invoking command in '/home/allenabraham106/Desktop/Co-op1/arm-controller/src/arm_controller/build/arm_controller': CMAKE_PREFIX_PATH=${CMAKE_PREFIX_PATH}:/opt/ros/jazzy DEBUGINFOD_URLS=https://debuginfod.ubuntu.com /usr/bin/cmake --install /home/allenabraham106/Desktop/Co-op1/arm-controller/src/arm_controller/build/arm_controller
[23.455s] -- Install configuration: ""
[23.455s] -- Installing: /home/allenabraham106/Desktop/Co-op1/arm-controller/src/arm_controller/install/arm_controller/lib/arm_controller/libarm_controller_lib.a
[23.465s] -- Installing: /home/allenabraham106/Desktop/Co-op1/arm-controller/src/arm_controller/install/arm_controller/lib/arm_controller/arm_lifecycle_node
[23.470s] -- Set non-toolchain portion of runtime path of "/home/allenabraham106/Desktop/Co-op1/arm-controller/src/arm_controller/install/arm_controller/lib/arm_controller/arm_lifecycle_node" to ""
[23.470s] -- Installing: /home/allenabraham106/Desktop/Co-op1/arm-controller/src/arm_controller/install/arm_controller/include
[23.470s] -- Installing: /home/allenabraham106/Desktop/Co-op1/arm-controller/src/arm_controller/install/arm_controller/include/arm_controller
[23.470s] -- Installing: /home/allenabraham106/Desktop/Co-op1/arm-controller/src/arm_controller/install/arm_controller/include/arm_controller/arm_controller.hpp
[23.470s] -- Installing: /home/allenabraham106/Desktop/Co-op1/arm-controller/src/arm_controller/install/arm_controller/lib/arm_controller/arm_gui.py
[23.471s] -- Installing: /home/allenabraham106/Desktop/Co-op1/arm-controller/src/arm_controller/install/arm_controller/share/ament_index/resource_index/package_run_dependencies/arm_controller
[23.471s] -- Installing: /home/allenabraham106/Desktop/Co-op1/arm-controller/src/arm_controller/install/arm_controller/share/ament_index/resource_index/parent_prefix_path/arm_controller
[23.471s] -- Installing: /home/allenabraham106/Desktop/Co-op1/arm-controller/src/arm_controller/install/arm_controller/share/arm_controller/environment/ament_prefix_path.sh
[23.471s] -- Installing: /home/allenabraham106/Desktop/Co-op1/arm-controller/src/arm_controller/install/arm_controller/share/arm_controller/environment/ament_prefix_path.dsv
[23.471s] -- Installing: /home/allenabraham106/Desktop/Co-op1/arm-controller/src/arm_controller/install/arm_controller/share/arm_controller/environment/path.sh
[23.471s] -- Installing: /home/allenabraham106/Desktop/Co-op1/arm-controller/src/arm_controller/install/arm_controller/share/arm_controller/environment/path.dsv
[23.471s] -- Installing: /home/allenabraham106/Desktop/Co-op1/arm-controller/src/arm_controller/install/arm_controller/share/arm_controller/local_setup.bash
[23.471s] -- Installing: /home/allenabraham106/Desktop/Co-op1/arm-controller/src/arm_controller/install/arm_controller/share/arm_controller/local_setup.sh
[23.472s] -- Installing: /home/allenabraham106/Desktop/Co-op1/arm-controller/src/arm_controller/install/arm_controller/share/arm_controller/local_setup.zsh
[23.472s] -- Installing: /home/allenabraham106/Desktop/Co-op1/arm-controller/src/arm_controller/install/arm_controller/share/arm_controller/local_setup.dsv
[23.472s] -- Installing: /home/allenabraham106/Desktop/Co-op1/arm-controller/src/arm_controller/install/arm_controller/share/arm_controller/package.dsv
[23.472s] -- Installing: /home/allenabraham106/Desktop/Co-op1/arm-controller/src/arm_controller/install/arm_controller/share/ament_index/resource_index/packages/arm_controller
[23.472s] -- Installing: /home/allenabraham106/Desktop/Co-op1/arm-controller/src/arm_controller/install/arm_controller/share/arm_controller/cmake/arm_controllerConfig.cmake
[23.472s] -- Installing: /home/allenabraham106/Desktop/Co-op1/arm-controller/src/arm_controller/install/arm_controller/share/arm_controller/cmake/arm_controllerConfig-version.cmake
[23.472s] -- Installing: /home/allenabraham106/Desktop/Co-op1/arm-controller/src/arm_controller/install/arm_controller/share/arm_controller/package.xml
[23.472s] -- Installing: /home/allenabraham106/Desktop/Co-op1/arm-controller/src/arm_controller/install/arm_controller/share/arm_controller/launch
[23.472s] -- Installing: /home/allenabraham106/Desktop/Co-op1/arm-controller/src/arm_controller/install/arm_controller/share/arm_controller/launch/cartesian_demo.launch.py
[23.472s] -- Installing: /home/allenabraham106/Desktop/Co-op1/arm-controller/src/arm_controller/install/arm_controller/share/arm_controller/launch/ompl_demo.launch.py
[23.472s] -- Installing: /home/allenabraham106/Desktop/Co-op1/arm-controller/src/arm_controller/install/arm_controller/share/arm_controller/launch/arm_lifecycle.launch.py
[23.474s] Invoked command in '/home/allenabraham106/Desktop/Co-op1/arm-controller/src/arm_controller/build/arm_controller' returned '0': CMAKE_PREFIX_PATH=${CMAKE_PREFIX_PATH}:/opt/ros/jazzy DEBUGINFOD_URLS=https://debuginfod.ubuntu.com /usr/bin/cmake --install /home/allenabraham106/Desktop/Co-op1/arm-controller/src/arm_controller/build/arm_controller
